[0.034s] Invoking command in '/home/nguyen/ros2_ws/src/ros2_arctos_HCMUT/build/serial': CMAKE_PREFIX_PATH=${CMAKE_PREFIX_PATH}:/home/nguyen/ros2_ws_1/install/gazebo_simulation:/opt/ros/humble /usr/bin/cmake /home/nguyen/ros2_ws/src/ros2_arctos_HCMUT/serial -DAMENT_CMAKE_SYMLINK_INSTALL=1 -DCMAKE_INSTALL_PREFIX=/home/nguyen/ros2_ws/src/ros2_arctos_HCMUT/install/serial
[0.049s] -- Found ament_cmake: 1.3.12 (/opt/ros/humble/share/ament_cmake/cmake)
[0.177s] -- Override CMake install command with custom implementation using symlinks instead of copying resources
[0.185s] -- Found ament_cmake_gtest: 1.3.12 (/opt/ros/humble/share/ament_cmake_gtest/cmake)
[0.190s] -- Found gtest sources under '/opt/ros/humble/src/gtest_vendor': C++ tests using 'Google Test' will be built
[0.277s] -- Configuring done
[0.294s] -- Generating done
[0.298s] -- Build files have been written to: /home/nguyen/ros2_ws/src/ros2_arctos_HCMUT/build/serial
[0.302s] Invoked command in '/home/nguyen/ros2_ws/src/ros2_arctos_HCMUT/build/serial' returned '0': CMAKE_PREFIX_PATH=${CMAKE_PREFIX_PATH}:/home/nguyen/ros2_ws_1/install/gazebo_simulation:/opt/ros/humble /usr/bin/cmake /home/nguyen/ros2_ws/src/ros2_arctos_HCMUT/serial -DAMENT_CMAKE_SYMLINK_INSTALL=1 -DCMAKE_INSTALL_PREFIX=/home/nguyen/ros2_ws/src/ros2_arctos_HCMUT/install/serial
[0.304s] Invoking command in '/home/nguyen/ros2_ws/src/ros2_arctos_HCMUT/build/serial': CMAKE_PREFIX_PATH=${CMAKE_PREFIX_PATH}:/home/nguyen/ros2_ws_1/install/gazebo_simulation:/opt/ros/humble /usr/bin/cmake --build /home/nguyen/ros2_ws/src/ros2_arctos_HCMUT/build/serial -- -j12 -l12
[0.354s] [35m[1mConsolidate compiler generated dependencies of target gtest_main[0m
[0.354s] [35m[1mConsolidate compiler generated dependencies of target gtest[0m
[0.356s] [35m[1mConsolidate compiler generated dependencies of target serial[0m
[0.372s] [ 14%] Built target gtest_main
[0.373s] [ 28%] Built target gtest
[0.376s] [ 57%] Built target serial
[0.390s] [35m[1mConsolidate compiler generated dependencies of target serial-test-timer[0m
[0.390s] [35m[1mConsolidate compiler generated dependencies of target serial-test[0m
[0.391s] [35m[1mConsolidate compiler generated dependencies of target serial_example[0m
[0.407s] [ 71%] Built target serial-test-timer
[0.409s] [100%] Built target serial-test
[0.410s] [100%] Built target serial_example
[0.425s] Invoked command in '/home/nguyen/ros2_ws/src/ros2_arctos_HCMUT/build/serial' returned '0': CMAKE_PREFIX_PATH=${CMAKE_PREFIX_PATH}:/home/nguyen/ros2_ws_1/install/gazebo_simulation:/opt/ros/humble /usr/bin/cmake --build /home/nguyen/ros2_ws/src/ros2_arctos_HCMUT/build/serial -- -j12 -l12
[0.428s] Invoking command in '/home/nguyen/ros2_ws/src/ros2_arctos_HCMUT/build/serial': CMAKE_PREFIX_PATH=${CMAKE_PREFIX_PATH}:/home/nguyen/ros2_ws_1/install/gazebo_simulation:/opt/ros/humble /usr/bin/cmake --install /home/nguyen/ros2_ws/src/ros2_arctos_HCMUT/build/serial
[0.438s] -- Install configuration: ""
[0.439s] -- Execute custom install script
[0.439s] -- Up-to-date symlink: /home/nguyen/ros2_ws/src/ros2_arctos_HCMUT/install/serial/lib/libserial.a
[0.440s] -- Up-to-date symlink: /home/nguyen/ros2_ws/src/ros2_arctos_HCMUT/install/serial/include/serial/serial.h
[0.440s] -- Up-to-date symlink: /home/nguyen/ros2_ws/src/ros2_arctos_HCMUT/install/serial/include/serial/v8stdint.h
[0.441s] -- Up-to-date symlink: /home/nguyen/ros2_ws/src/ros2_arctos_HCMUT/install/serial/share/serial/environment/library_path.sh
[0.441s] -- Up-to-date symlink: /home/nguyen/ros2_ws/src/ros2_arctos_HCMUT/install/serial/share/serial/environment/library_path.dsv
[0.441s] -- Up-to-date symlink: /home/nguyen/ros2_ws/src/ros2_arctos_HCMUT/install/serial/share/ament_index/resource_index/package_run_dependencies/serial
[0.442s] -- Up-to-date symlink: /home/nguyen/ros2_ws/src/ros2_arctos_HCMUT/install/serial/share/ament_index/resource_index/parent_prefix_path/serial
[0.442s] -- Up-to-date symlink: /home/nguyen/ros2_ws/src/ros2_arctos_HCMUT/install/serial/share/serial/environment/ament_prefix_path.sh
[0.442s] -- Up-to-date symlink: /home/nguyen/ros2_ws/src/ros2_arctos_HCMUT/install/serial/share/serial/environment/ament_prefix_path.dsv
[0.442s] -- Up-to-date symlink: /home/nguyen/ros2_ws/src/ros2_arctos_HCMUT/install/serial/share/serial/environment/path.sh
[0.443s] -- Up-to-date symlink: /home/nguyen/ros2_ws/src/ros2_arctos_HCMUT/install/serial/share/serial/environment/path.dsv
[0.443s] -- Up-to-date symlink: /home/nguyen/ros2_ws/src/ros2_arctos_HCMUT/install/serial/share/serial/local_setup.bash
[0.444s] -- Up-to-date symlink: /home/nguyen/ros2_ws/src/ros2_arctos_HCMUT/install/serial/share/serial/local_setup.sh
[0.444s] -- Up-to-date symlink: /home/nguyen/ros2_ws/src/ros2_arctos_HCMUT/install/serial/share/serial/local_setup.zsh
[0.466s] -- Up-to-date symlink: /home/nguyen/ros2_ws/src/ros2_arctos_HCMUT/install/serial/share/serial/local_setup.dsv
[0.466s] -- Symlinking: /home/nguyen/ros2_ws/src/ros2_arctos_HCMUT/install/serial/share/serial/package.dsv
[0.478s] -- Up-to-date symlink: /home/nguyen/ros2_ws/src/ros2_arctos_HCMUT/install/serial/share/ament_index/resource_index/packages/serial
[0.478s] -- Up-to-date symlink: /home/nguyen/ros2_ws/src/ros2_arctos_HCMUT/install/serial/share/serial/cmake/ament_cmake_export_include_directories-extras.cmake
[0.479s] -- Up-to-date symlink: /home/nguyen/ros2_ws/src/ros2_arctos_HCMUT/install/serial/share/serial/cmake/ament_cmake_export_libraries-extras.cmake
[0.479s] -- Up-to-date symlink: /home/nguyen/ros2_ws/src/ros2_arctos_HCMUT/install/serial/share/serial/cmake/serialConfig.cmake
[0.479s] -- Up-to-date symlink: /home/nguyen/ros2_ws/src/ros2_arctos_HCMUT/install/serial/share/serial/cmake/serialConfig-version.cmake
[0.479s] -- Up-to-date symlink: /home/nguyen/ros2_ws/src/ros2_arctos_HCMUT/install/serial/share/serial/package.xml
[0.483s] Invoked command in '/home/nguyen/ros2_ws/src/ros2_arctos_HCMUT/build/serial' returned '0': CMAKE_PREFIX_PATH=${CMAKE_PREFIX_PATH}:/home/nguyen/ros2_ws_1/install/gazebo_simulation:/opt/ros/humble /usr/bin/cmake --install /home/nguyen/ros2_ws/src/ros2_arctos_HCMUT/build/serial
