[0.028s] Invoking command in '/home/nguyen/ros2_ws/src/ros2_arctos_HCMUT/build/v4l2_camera': CMAKE_PREFIX_PATH=${CMAKE_PREFIX_PATH}:/home/nguyen/ros2_ws_1/install/gazebo_simulation:/opt/ros/humble /usr/bin/cmake --build /home/nguyen/ros2_ws/src/ros2_arctos_HCMUT/build/v4l2_camera -- -j12 -l12
[0.121s] [35m[1mConsolidate compiler generated dependencies of target v4l2_camera[0m
[0.177s] [ 45%] Built target v4l2_camera
[0.222s] [35m[1mConsolidate compiler generated dependencies of target camera_subscriber_node[0m
[0.269s] [ 63%] [32mBuilding CXX object CMakeFiles/camera_subscriber_node.dir/src/camera_subscriber_node.cpp.o[0m
[0.269s] [ 72%] Built target v4l2_camera_node
[0.269s] [ 90%] Built target v4l2_camera_compose_test
[4.037s] [100%] [32m[1mLinking CXX executable camera_subscriber_node[0m
[4.783s] [100%] Built target camera_subscriber_node
[4.804s] Invoked command in '/home/nguyen/ros2_ws/src/ros2_arctos_HCMUT/build/v4l2_camera' returned '0': CMAKE_PREFIX_PATH=${CMAKE_PREFIX_PATH}:/home/nguyen/ros2_ws_1/install/gazebo_simulation:/opt/ros/humble /usr/bin/cmake --build /home/nguyen/ros2_ws/src/ros2_arctos_HCMUT/build/v4l2_camera -- -j12 -l12
[4.806s] Invoking command in '/home/nguyen/ros2_ws/src/ros2_arctos_HCMUT/build/v4l2_camera': CMAKE_PREFIX_PATH=${CMAKE_PREFIX_PATH}:/home/nguyen/ros2_ws_1/install/gazebo_simulation:/opt/ros/humble /usr/bin/cmake --install /home/nguyen/ros2_ws/src/ros2_arctos_HCMUT/build/v4l2_camera
[4.819s] -- Install configuration: ""
[4.819s] -- Up-to-date: /home/nguyen/ros2_ws/src/ros2_arctos_HCMUT/install/v4l2_camera/include
[4.820s] -- Up-to-date: /home/nguyen/ros2_ws/src/ros2_arctos_HCMUT/install/v4l2_camera/include/v4l2_camera
[4.820s] -- Up-to-date: /home/nguyen/ros2_ws/src/ros2_arctos_HCMUT/install/v4l2_camera/include/v4l2_camera/camera_subscriber.hpp
[4.820s] -- Up-to-date: /home/nguyen/ros2_ws/src/ros2_arctos_HCMUT/install/v4l2_camera/include/v4l2_camera/v4l2_camera_device.hpp
[4.820s] -- Up-to-date: /home/nguyen/ros2_ws/src/ros2_arctos_HCMUT/install/v4l2_camera/include/v4l2_camera/fourcc.hpp
[4.820s] -- Up-to-date: /home/nguyen/ros2_ws/src/ros2_arctos_HCMUT/install/v4l2_camera/include/v4l2_camera/pixel_format.hpp
[4.820s] -- Up-to-date: /home/nguyen/ros2_ws/src/ros2_arctos_HCMUT/install/v4l2_camera/include/v4l2_camera/parameters.hpp
[4.820s] -- Up-to-date: /home/nguyen/ros2_ws/src/ros2_arctos_HCMUT/install/v4l2_camera/include/v4l2_camera/v4l2_camera.hpp
[4.820s] -- Up-to-date: /home/nguyen/ros2_ws/src/ros2_arctos_HCMUT/install/v4l2_camera/include/v4l2_camera/control.hpp
[4.821s] -- Up-to-date: /home/nguyen/ros2_ws/src/ros2_arctos_HCMUT/install/v4l2_camera/include/v4l2_camera/image_format.hpp
[4.821s] -- Up-to-date: /home/nguyen/ros2_ws/src/ros2_arctos_HCMUT/install/v4l2_camera/include/v4l2_camera/visibility_control.h
[4.821s] -- Up-to-date: /home/nguyen/ros2_ws/src/ros2_arctos_HCMUT/install/v4l2_camera/lib/libv4l2_camera.so
[4.821s] -- Up-to-date: /home/nguyen/ros2_ws/src/ros2_arctos_HCMUT/install/v4l2_camera/lib/v4l2_camera/v4l2_camera_node
[4.821s] -- Up-to-date: /home/nguyen/ros2_ws/src/ros2_arctos_HCMUT/install/v4l2_camera/lib/v4l2_camera/v4l2_camera_compose_test
[4.821s] -- Installing: /home/nguyen/ros2_ws/src/ros2_arctos_HCMUT/install/v4l2_camera/lib/v4l2_camera/camera_subscriber_node
[4.822s] -- Set runtime path of "/home/nguyen/ros2_ws/src/ros2_arctos_HCMUT/install/v4l2_camera/lib/v4l2_camera/camera_subscriber_node" to ""
[4.822s] -- Up-to-date: /home/nguyen/ros2_ws/src/ros2_arctos_HCMUT/install/v4l2_camera/share/v4l2_camera/environment/library_path.sh
[4.822s] -- Up-to-date: /home/nguyen/ros2_ws/src/ros2_arctos_HCMUT/install/v4l2_camera/share/v4l2_camera/environment/library_path.dsv
[4.823s] -- Up-to-date: /home/nguyen/ros2_ws/src/ros2_arctos_HCMUT/install/v4l2_camera/share/ament_index/resource_index/package_run_dependencies/v4l2_camera
[4.823s] -- Up-to-date: /home/nguyen/ros2_ws/src/ros2_arctos_HCMUT/install/v4l2_camera/share/ament_index/resource_index/parent_prefix_path/v4l2_camera
[4.823s] -- Up-to-date: /home/nguyen/ros2_ws/src/ros2_arctos_HCMUT/install/v4l2_camera/share/v4l2_camera/environment/ament_prefix_path.sh
[4.823s] -- Up-to-date: /home/nguyen/ros2_ws/src/ros2_arctos_HCMUT/install/v4l2_camera/share/v4l2_camera/environment/ament_prefix_path.dsv
[4.823s] -- Up-to-date: /home/nguyen/ros2_ws/src/ros2_arctos_HCMUT/install/v4l2_camera/share/v4l2_camera/environment/path.sh
[4.823s] -- Up-to-date: /home/nguyen/ros2_ws/src/ros2_arctos_HCMUT/install/v4l2_camera/share/v4l2_camera/environment/path.dsv
[4.823s] -- Up-to-date: /home/nguyen/ros2_ws/src/ros2_arctos_HCMUT/install/v4l2_camera/share/v4l2_camera/local_setup.bash
[4.824s] -- Up-to-date: /home/nguyen/ros2_ws/src/ros2_arctos_HCMUT/install/v4l2_camera/share/v4l2_camera/local_setup.sh
[4.824s] -- Up-to-date: /home/nguyen/ros2_ws/src/ros2_arctos_HCMUT/install/v4l2_camera/share/v4l2_camera/local_setup.zsh
[4.824s] -- Up-to-date: /home/nguyen/ros2_ws/src/ros2_arctos_HCMUT/install/v4l2_camera/share/v4l2_camera/local_setup.dsv
[4.824s] -- Installing: /home/nguyen/ros2_ws/src/ros2_arctos_HCMUT/install/v4l2_camera/share/v4l2_camera/package.dsv
[4.824s] -- Up-to-date: /home/nguyen/ros2_ws/src/ros2_arctos_HCMUT/install/v4l2_camera/share/ament_index/resource_index/packages/v4l2_camera
[4.824s] -- Up-to-date: /home/nguyen/ros2_ws/src/ros2_arctos_HCMUT/install/v4l2_camera/share/ament_index/resource_index/rclcpp_components/v4l2_camera
[4.824s] -- Up-to-date: /home/nguyen/ros2_ws/src/ros2_arctos_HCMUT/install/v4l2_camera/share/v4l2_camera/cmake/export_v4l2_cameraExport.cmake
[4.824s] -- Up-to-date: /home/nguyen/ros2_ws/src/ros2_arctos_HCMUT/install/v4l2_camera/share/v4l2_camera/cmake/export_v4l2_cameraExport-noconfig.cmake
[4.825s] -- Up-to-date: /home/nguyen/ros2_ws/src/ros2_arctos_HCMUT/install/v4l2_camera/share/v4l2_camera/cmake/ament_cmake_export_include_directories-extras.cmake
[4.825s] -- Up-to-date: /home/nguyen/ros2_ws/src/ros2_arctos_HCMUT/install/v4l2_camera/share/v4l2_camera/cmake/ament_cmake_export_targets-extras.cmake
[4.825s] -- Up-to-date: /home/nguyen/ros2_ws/src/ros2_arctos_HCMUT/install/v4l2_camera/share/v4l2_camera/cmake/ament_cmake_export_libraries-extras.cmake
[4.825s] -- Up-to-date: /home/nguyen/ros2_ws/src/ros2_arctos_HCMUT/install/v4l2_camera/share/v4l2_camera/cmake/ament_cmake_export_dependencies-extras.cmake
[4.825s] -- Up-to-date: /home/nguyen/ros2_ws/src/ros2_arctos_HCMUT/install/v4l2_camera/share/v4l2_camera/cmake/v4l2_cameraConfig.cmake
[4.825s] -- Up-to-date: /home/nguyen/ros2_ws/src/ros2_arctos_HCMUT/install/v4l2_camera/share/v4l2_camera/cmake/v4l2_cameraConfig-version.cmake
[4.825s] -- Up-to-date: /home/nguyen/ros2_ws/src/ros2_arctos_HCMUT/install/v4l2_camera/share/v4l2_camera/package.xml
[4.829s] Invoked command in '/home/nguyen/ros2_ws/src/ros2_arctos_HCMUT/build/v4l2_camera' returned '0': CMAKE_PREFIX_PATH=${CMAKE_PREFIX_PATH}:/home/nguyen/ros2_ws_1/install/gazebo_simulation:/opt/ros/humble /usr/bin/cmake --install /home/nguyen/ros2_ws/src/ros2_arctos_HCMUT/build/v4l2_camera
