[0.024s] Invoking command in '/home/nguyen/ros2_ws/src/ros2_arctos_HCMUT/build/v4l2_camera': CMAKE_PREFIX_PATH=${CMAKE_PREFIX_PATH}:/home/nguyen/ros2_ws_1/install/gazebo_simulation:/opt/ros/humble /usr/bin/cmake --build /home/nguyen/ros2_ws/src/ros2_arctos_HCMUT/build/v4l2_camera -- -j12 -l12
[0.100s] [ 45%] Built target v4l2_camera
[0.135s] [ 63%] Built target camera_subscriber_node
[0.135s] [ 81%] Built target v4l2_camera_compose_test
[0.138s] [100%] Built target v4l2_camera_node
[0.155s] Invoked command in '/home/nguyen/ros2_ws/src/ros2_arctos_HCMUT/build/v4l2_camera' returned '0': CMAKE_PREFIX_PATH=${CMAKE_PREFIX_PATH}:/home/nguyen/ros2_ws_1/install/gazebo_simulation:/opt/ros/humble /usr/bin/cmake --build /home/nguyen/ros2_ws/src/ros2_arctos_HCMUT/build/v4l2_camera -- -j12 -l12
[0.156s] Invoking command in '/home/nguyen/ros2_ws/src/ros2_arctos_HCMUT/build/v4l2_camera': CMAKE_PREFIX_PATH=${CMAKE_PREFIX_PATH}:/home/nguyen/ros2_ws_1/install/gazebo_simulation:/opt/ros/humble /usr/bin/cmake --install /home/nguyen/ros2_ws/src/ros2_arctos_HCMUT/build/v4l2_camera
[0.165s] -- Install configuration: ""
[0.166s] -- Execute custom install script
[0.166s] -- Up-to-date symlink: /home/nguyen/ros2_ws/src/ros2_arctos_HCMUT/install/v4l2_camera/include/v4l2_camera/camera_subscriber.hpp
[0.166s] -- Up-to-date symlink: /home/nguyen/ros2_ws/src/ros2_arctos_HCMUT/install/v4l2_camera/include/v4l2_camera/control.hpp
[0.166s] -- Up-to-date symlink: /home/nguyen/ros2_ws/src/ros2_arctos_HCMUT/install/v4l2_camera/include/v4l2_camera/fourcc.hpp
[0.166s] -- Up-to-date symlink: /home/nguyen/ros2_ws/src/ros2_arctos_HCMUT/install/v4l2_camera/include/v4l2_camera/image_format.hpp
[0.166s] -- Up-to-date symlink: /home/nguyen/ros2_ws/src/ros2_arctos_HCMUT/install/v4l2_camera/include/v4l2_camera/parameters.hpp
[0.167s] -- Up-to-date symlink: /home/nguyen/ros2_ws/src/ros2_arctos_HCMUT/install/v4l2_camera/include/v4l2_camera/pixel_format.hpp
[0.167s] -- Up-to-date symlink: /home/nguyen/ros2_ws/src/ros2_arctos_HCMUT/install/v4l2_camera/include/v4l2_camera/v4l2_camera.hpp
[0.167s] -- Up-to-date symlink: /home/nguyen/ros2_ws/src/ros2_arctos_HCMUT/install/v4l2_camera/include/v4l2_camera/v4l2_camera_device.hpp
[0.167s] -- Up-to-date symlink: /home/nguyen/ros2_ws/src/ros2_arctos_HCMUT/install/v4l2_camera/include/v4l2_camera/visibility_control.h
[0.167s] -- Up-to-date symlink: /home/nguyen/ros2_ws/src/ros2_arctos_HCMUT/install/v4l2_camera/share/v4l2_camera/environment/library_path.sh
[0.167s] -- Up-to-date symlink: /home/nguyen/ros2_ws/src/ros2_arctos_HCMUT/install/v4l2_camera/share/v4l2_camera/environment/library_path.dsv
[0.168s] -- Up-to-date symlink: /home/nguyen/ros2_ws/src/ros2_arctos_HCMUT/install/v4l2_camera/share/ament_index/resource_index/package_run_dependencies/v4l2_camera
[0.168s] -- Up-to-date symlink: /home/nguyen/ros2_ws/src/ros2_arctos_HCMUT/install/v4l2_camera/share/ament_index/resource_index/parent_prefix_path/v4l2_camera
[0.168s] -- Up-to-date symlink: /home/nguyen/ros2_ws/src/ros2_arctos_HCMUT/install/v4l2_camera/share/v4l2_camera/environment/ament_prefix_path.sh
[0.168s] -- Up-to-date symlink: /home/nguyen/ros2_ws/src/ros2_arctos_HCMUT/install/v4l2_camera/share/v4l2_camera/environment/ament_prefix_path.dsv
[0.168s] -- Up-to-date symlink: /home/nguyen/ros2_ws/src/ros2_arctos_HCMUT/install/v4l2_camera/share/v4l2_camera/environment/path.sh
[0.168s] -- Up-to-date symlink: /home/nguyen/ros2_ws/src/ros2_arctos_HCMUT/install/v4l2_camera/share/v4l2_camera/environment/path.dsv
[0.169s] -- Up-to-date symlink: /home/nguyen/ros2_ws/src/ros2_arctos_HCMUT/install/v4l2_camera/share/v4l2_camera/local_setup.bash
[0.169s] -- Up-to-date symlink: /home/nguyen/ros2_ws/src/ros2_arctos_HCMUT/install/v4l2_camera/share/v4l2_camera/local_setup.sh
[0.169s] -- Up-to-date symlink: /home/nguyen/ros2_ws/src/ros2_arctos_HCMUT/install/v4l2_camera/share/v4l2_camera/local_setup.zsh
[0.169s] -- Up-to-date symlink: /home/nguyen/ros2_ws/src/ros2_arctos_HCMUT/install/v4l2_camera/share/v4l2_camera/local_setup.dsv
[0.169s] -- Symlinking: /home/nguyen/ros2_ws/src/ros2_arctos_HCMUT/install/v4l2_camera/share/v4l2_camera/package.dsv
[0.181s] -- Up-to-date symlink: /home/nguyen/ros2_ws/src/ros2_arctos_HCMUT/install/v4l2_camera/share/ament_index/resource_index/packages/v4l2_camera
[0.183s] -- Up-to-date symlink: /home/nguyen/ros2_ws/src/ros2_arctos_HCMUT/install/v4l2_camera/share/ament_index/resource_index/rclcpp_components/v4l2_camera
[0.183s] -- Up-to-date symlink: /home/nguyen/ros2_ws/src/ros2_arctos_HCMUT/install/v4l2_camera/share/v4l2_camera/cmake/ament_cmake_export_include_directories-extras.cmake
[0.183s] -- Up-to-date symlink: /home/nguyen/ros2_ws/src/ros2_arctos_HCMUT/install/v4l2_camera/share/v4l2_camera/cmake/ament_cmake_export_targets-extras.cmake
[0.184s] -- Up-to-date symlink: /home/nguyen/ros2_ws/src/ros2_arctos_HCMUT/install/v4l2_camera/share/v4l2_camera/cmake/ament_cmake_export_libraries-extras.cmake
[0.184s] -- Up-to-date symlink: /home/nguyen/ros2_ws/src/ros2_arctos_HCMUT/install/v4l2_camera/share/v4l2_camera/cmake/ament_cmake_export_dependencies-extras.cmake
[0.184s] -- Up-to-date symlink: /home/nguyen/ros2_ws/src/ros2_arctos_HCMUT/install/v4l2_camera/share/v4l2_camera/cmake/v4l2_cameraConfig.cmake
[0.185s] -- Up-to-date symlink: /home/nguyen/ros2_ws/src/ros2_arctos_HCMUT/install/v4l2_camera/share/v4l2_camera/cmake/v4l2_cameraConfig-version.cmake
[0.185s] -- Up-to-date symlink: /home/nguyen/ros2_ws/src/ros2_arctos_HCMUT/install/v4l2_camera/share/v4l2_camera/package.xml
[0.185s] -- Up-to-date: /home/nguyen/ros2_ws/src/ros2_arctos_HCMUT/install/v4l2_camera/lib/libv4l2_camera.so
[0.186s] -- Up-to-date: /home/nguyen/ros2_ws/src/ros2_arctos_HCMUT/install/v4l2_camera/lib/v4l2_camera/v4l2_camera_node
[0.186s] -- Up-to-date: /home/nguyen/ros2_ws/src/ros2_arctos_HCMUT/install/v4l2_camera/lib/v4l2_camera/v4l2_camera_compose_test
[0.186s] -- Up-to-date: /home/nguyen/ros2_ws/src/ros2_arctos_HCMUT/install/v4l2_camera/lib/v4l2_camera/camera_subscriber_node
[0.186s] -- Up-to-date: /home/nguyen/ros2_ws/src/ros2_arctos_HCMUT/install/v4l2_camera/share/v4l2_camera/cmake/export_v4l2_cameraExport.cmake
[0.186s] -- Up-to-date: /home/nguyen/ros2_ws/src/ros2_arctos_HCMUT/install/v4l2_camera/share/v4l2_camera/cmake/export_v4l2_cameraExport-noconfig.cmake
[0.208s] Invoked command in '/home/nguyen/ros2_ws/src/ros2_arctos_HCMUT/build/v4l2_camera' returned '0': CMAKE_PREFIX_PATH=${CMAKE_PREFIX_PATH}:/home/nguyen/ros2_ws_1/install/gazebo_simulation:/opt/ros/humble /usr/bin/cmake --install /home/nguyen/ros2_ws/src/ros2_arctos_HCMUT/build/v4l2_camera
