[0.014s] Invoking command in '/home/nguyen/ros2_ws/src/ros2_arctos_HCMUT/build/serial': CMAKE_PREFIX_PATH=/opt/ros/humble /usr/bin/cmake --build /home/nguyen/ros2_ws/src/ros2_arctos_HCMUT/build/serial -- -j12 -l12
[0.055s] [35m[1mConsolidate compiler generated dependencies of target gtest_main[0m
[0.055s] [35m[1mConsolidate compiler generated dependencies of target gtest[0m
[0.057s] [35m[1mConsolidate compiler generated dependencies of target serial[0m
[0.071s] [ 28%] Built target gtest_main
[0.072s] [ 28%] Built target gtest
[0.075s] [ 57%] Built target serial
[0.087s] [35m[1mConsolidate compiler generated dependencies of target serial-test[0m
[0.087s] [35m[1mConsolidate compiler generated dependencies of target serial_example[0m
[0.088s] [35m[1mConsolidate compiler generated dependencies of target serial-test-timer[0m
[0.103s] [ 71%] Built target serial_example
[0.105s] [ 85%] Built target serial-test
[0.106s] [100%] Built target serial-test-timer
[0.122s] Invoked command in '/home/nguyen/ros2_ws/src/ros2_arctos_HCMUT/build/serial' returned '0': CMAKE_PREFIX_PATH=/opt/ros/humble /usr/bin/cmake --build /home/nguyen/ros2_ws/src/ros2_arctos_HCMUT/build/serial -- -j12 -l12
[0.124s] Invoking command in '/home/nguyen/ros2_ws/src/ros2_arctos_HCMUT/build/serial': CMAKE_PREFIX_PATH=/opt/ros/humble /usr/bin/cmake --install /home/nguyen/ros2_ws/src/ros2_arctos_HCMUT/build/serial
[0.133s] -- Install configuration: ""
[0.134s] -- Execute custom install script
[0.134s] -- Up-to-date symlink: /home/nguyen/ros2_ws/src/ros2_arctos_HCMUT/install/serial/lib/libserial.a
[0.134s] -- Up-to-date symlink: /home/nguyen/ros2_ws/src/ros2_arctos_HCMUT/install/serial/include/serial/serial.h
[0.134s] -- Up-to-date symlink: /home/nguyen/ros2_ws/src/ros2_arctos_HCMUT/install/serial/include/serial/v8stdint.h
[0.134s] -- Up-to-date symlink: /home/nguyen/ros2_ws/src/ros2_arctos_HCMUT/install/serial/share/serial/environment/library_path.sh
[0.134s] -- Up-to-date symlink: /home/nguyen/ros2_ws/src/ros2_arctos_HCMUT/install/serial/share/serial/environment/library_path.dsv
[0.135s] -- Up-to-date symlink: /home/nguyen/ros2_ws/src/ros2_arctos_HCMUT/install/serial/share/ament_index/resource_index/package_run_dependencies/serial
[0.135s] -- Up-to-date symlink: /home/nguyen/ros2_ws/src/ros2_arctos_HCMUT/install/serial/share/ament_index/resource_index/parent_prefix_path/serial
[0.135s] -- Up-to-date symlink: /home/nguyen/ros2_ws/src/ros2_arctos_HCMUT/install/serial/share/serial/environment/ament_prefix_path.sh
[0.135s] -- Up-to-date symlink: /home/nguyen/ros2_ws/src/ros2_arctos_HCMUT/install/serial/share/serial/environment/ament_prefix_path.dsv
[0.135s] -- Up-to-date symlink: /home/nguyen/ros2_ws/src/ros2_arctos_HCMUT/install/serial/share/serial/environment/path.sh
[0.135s] -- Up-to-date symlink: /home/nguyen/ros2_ws/src/ros2_arctos_HCMUT/install/serial/share/serial/environment/path.dsv
[0.136s] -- Up-to-date symlink: /home/nguyen/ros2_ws/src/ros2_arctos_HCMUT/install/serial/share/serial/local_setup.bash
[0.136s] -- Up-to-date symlink: /home/nguyen/ros2_ws/src/ros2_arctos_HCMUT/install/serial/share/serial/local_setup.sh
[0.136s] -- Up-to-date symlink: /home/nguyen/ros2_ws/src/ros2_arctos_HCMUT/install/serial/share/serial/local_setup.zsh
[0.136s] -- Up-to-date symlink: /home/nguyen/ros2_ws/src/ros2_arctos_HCMUT/install/serial/share/serial/local_setup.dsv
[0.136s] -- Symlinking: /home/nguyen/ros2_ws/src/ros2_arctos_HCMUT/install/serial/share/serial/package.dsv
[0.146s] -- Up-to-date symlink: /home/nguyen/ros2_ws/src/ros2_arctos_HCMUT/install/serial/share/ament_index/resource_index/packages/serial
[0.146s] -- Up-to-date symlink: /home/nguyen/ros2_ws/src/ros2_arctos_HCMUT/install/serial/share/serial/cmake/ament_cmake_export_include_directories-extras.cmake
[0.146s] -- Up-to-date symlink: /home/nguyen/ros2_ws/src/ros2_arctos_HCMUT/install/serial/share/serial/cmake/ament_cmake_export_libraries-extras.cmake
[0.146s] -- Up-to-date symlink: /home/nguyen/ros2_ws/src/ros2_arctos_HCMUT/install/serial/share/serial/cmake/serialConfig.cmake
[0.146s] -- Up-to-date symlink: /home/nguyen/ros2_ws/src/ros2_arctos_HCMUT/install/serial/share/serial/cmake/serialConfig-version.cmake
[0.147s] -- Up-to-date symlink: /home/nguyen/ros2_ws/src/ros2_arctos_HCMUT/install/serial/share/serial/package.xml
[0.150s] Invoked command in '/home/nguyen/ros2_ws/src/ros2_arctos_HCMUT/build/serial' returned '0': CMAKE_PREFIX_PATH=/opt/ros/humble /usr/bin/cmake --install /home/nguyen/ros2_ws/src/ros2_arctos_HCMUT/build/serial
