-- Found ament_cmake: 1.3.12 (/opt/ros/humble/share/ament_cmake/cmake)
-- Override CMake install command with custom implementation using symlinks instead of copying resources
-- Found rclcpp: 16.0.17 (/opt/ros/humble/share/rclcpp/cmake)
-- Found rosidl_generator_c: 3.1.8 (/opt/ros/humble/share/rosidl_generator_c/cmake)
-- Found rosidl_adapter: 3.1.8 (/opt/ros/humble/share/rosidl_adapter/cmake)
-- Found rosidl_generator_cpp: 3.1.8 (/opt/ros/humble/share/rosidl_generator_cpp/cmake)
-- Using all available rosidl_typesupport_c: rosidl_typesupport_fastrtps_c;rosidl_typesupport_introspection_c
-- Using all available rosidl_typesupport_cpp: rosidl_typesupport_fastrtps_cpp;rosidl_typesupport_introspection_cpp
-- Found rmw_implementation_cmake: 6.1.2 (/opt/ros/humble/share/rmw_implementation_cmake/cmake)
-- Found rmw_fastrtps_cpp: 6.2.9 (/opt/ros/humble/share/rmw_fastrtps_cpp/cmake)
-- Using RMW implementation 'rmw_fastrtps_cpp' as default
-- Found can_msgs: 2.0.0 (/opt/ros/humble/share/can_msgs/cmake)
-- Found sensor_msgs: 4.9.0 (/opt/ros/humble/share/sensor_msgs/cmake)
-- Found serial: 1.2.1 (/home/nguyen/ros2_ws/src/ros2_arctos_HCMUT/install/serial/share/serial/cmake)
-- Configuring done
-- Generating done
-- Build files have been written to: /home/nguyen/ros2_ws/src/ros2_arctos_HCMUT/build/arctos_motor_driver
[35m[1mConsolidate compiler generated dependencies of target uart_protocol[0m
[35m[1mConsolidate compiler generated dependencies of target can_protocol[0m
[ 16%] [32mBuilding CXX object CMakeFiles/uart_protocol.dir/src/uart_protocol.cpp.o[0m
[ 33%] [32mBuilding CXX object CMakeFiles/can_protocol.dir/src/can_protocol.cpp.o[0m
[ 50%] [32m[1mLinking CXX shared library libuart_protocol.so[0m
[ 50%] Built target uart_protocol
[ 66%] [32m[1mLinking CXX shared library libcan_protocol.so[0m
[ 66%] Built target can_protocol
[35m[1mConsolidate compiler generated dependencies of target arctos_motor_driver[0m
[ 83%] [32mBuilding CXX object CMakeFiles/arctos_motor_driver.dir/src/motor_driver.cpp.o[0m
[01m[K/home/nguyen/ros2_ws/src/ros2_arctos_HCMUT/arctos_motor_driver/src/motor_driver.cpp:[m[K In member function ‘[01m[Kvoid arctos_motor_driver::MotorDriver::requestMotorData(uint8_t)[m[K’:
[01m[K/home/nguyen/ros2_ws/src/ros2_arctos_HCMUT/arctos_motor_driver/src/motor_driver.cpp:1036:22:[m[K [01;35m[Kwarning: [m[Kignoring return value of ‘[01m[Kbool std::vector<_Tp, _Alloc>::empty() const [with _Tp = unsigned char; _Alloc = std::allocator<unsigned char>][m[K’, declared with attribute ‘[01m[Knodiscard[m[K’ [[01;35m[K]8;;https://gcc.gnu.org/onlinedocs/gcc/Warning-Options.html#index-Wunused-result-Wunused-result]8;;[m[K]
 1036 |         [01;35m[Krequest.empty()[m[K;
      |         [01;35m[K~~~~~~~~~~~~~^~[m[K
In file included from [01m[K/usr/include/c++/11/vector:67[m[K,
                 from [01m[K/usr/include/c++/11/functional:62[m[K,
                 from [01m[K/usr/include/c++/11/pstl/glue_algorithm_defs.h:13[m[K,
                 from [01m[K/usr/include/c++/11/algorithm:74[m[K,
                 from [01m[K/opt/ros/humble/include/rclcpp/rclcpp/executor.hpp:18[m[K,
                 from [01m[K/opt/ros/humble/include/rclcpp/rclcpp/executors/multi_threaded_executor.hpp:25[m[K,
                 from [01m[K/opt/ros/humble/include/rclcpp/rclcpp/executors.hpp:21[m[K,
                 from [01m[K/opt/ros/humble/include/rclcpp/rclcpp/rclcpp.hpp:155[m[K,
                 from [01m[K/home/nguyen/ros2_ws/src/ros2_arctos_HCMUT/arctos_motor_driver/include/arctos_motor_driver/motor_types.hpp:6[m[K,
                 from [01m[K/home/nguyen/ros2_ws/src/ros2_arctos_HCMUT/arctos_motor_driver/include/arctos_motor_driver/motor_driver.hpp:4[m[K,
                 from [01m[K/home/nguyen/ros2_ws/src/ros2_arctos_HCMUT/arctos_motor_driver/src/motor_driver.cpp:1[m[K:
[01m[K/usr/include/c++/11/bits/stl_vector.h:1007:7:[m[K [01;36m[Knote: [m[Kdeclared here
 1007 |       [01;36m[Kempty[m[K() const _GLIBCXX_NOEXCEPT
      |       [01;36m[K^~~~~[m[K
[100%] [32m[1mLinking CXX shared library libarctos_motor_driver.so[0m
[100%] Built target arctos_motor_driver
-- Install configuration: ""
-- Execute custom install script
-- Up-to-date symlink: /home/nguyen/ros2_ws/src/ros2_arctos_HCMUT/install/arctos_motor_driver/include/arctos_motor_driver/can_protocol.hpp
-- Up-to-date symlink: /home/nguyen/ros2_ws/src/ros2_arctos_HCMUT/install/arctos_motor_driver/include/arctos_motor_driver/motor_driver.hpp
-- Up-to-date symlink: /home/nguyen/ros2_ws/src/ros2_arctos_HCMUT/install/arctos_motor_driver/include/arctos_motor_driver/motor_types.hpp
-- Up-to-date symlink: /home/nguyen/ros2_ws/src/ros2_arctos_HCMUT/install/arctos_motor_driver/include/arctos_motor_driver/uart_protocol.hpp
-- Up-to-date symlink: /home/nguyen/ros2_ws/src/ros2_arctos_HCMUT/install/arctos_motor_driver/share/arctos_motor_driver/environment/library_path.sh
-- Up-to-date symlink: /home/nguyen/ros2_ws/src/ros2_arctos_HCMUT/install/arctos_motor_driver/share/arctos_motor_driver/environment/library_path.dsv
-- Up-to-date symlink: /home/nguyen/ros2_ws/src/ros2_arctos_HCMUT/install/arctos_motor_driver/share/ament_index/resource_index/package_run_dependencies/arctos_motor_driver
-- Up-to-date symlink: /home/nguyen/ros2_ws/src/ros2_arctos_HCMUT/install/arctos_motor_driver/share/ament_index/resource_index/parent_prefix_path/arctos_motor_driver
-- Up-to-date symlink: /home/nguyen/ros2_ws/src/ros2_arctos_HCMUT/install/arctos_motor_driver/share/arctos_motor_driver/environment/ament_prefix_path.sh
-- Up-to-date symlink: /home/nguyen/ros2_ws/src/ros2_arctos_HCMUT/install/arctos_motor_driver/share/arctos_motor_driver/environment/ament_prefix_path.dsv
-- Up-to-date symlink: /home/nguyen/ros2_ws/src/ros2_arctos_HCMUT/install/arctos_motor_driver/share/arctos_motor_driver/environment/path.sh
-- Up-to-date symlink: /home/nguyen/ros2_ws/src/ros2_arctos_HCMUT/install/arctos_motor_driver/share/arctos_motor_driver/environment/path.dsv
-- Up-to-date symlink: /home/nguyen/ros2_ws/src/ros2_arctos_HCMUT/install/arctos_motor_driver/share/arctos_motor_driver/local_setup.bash
-- Up-to-date symlink: /home/nguyen/ros2_ws/src/ros2_arctos_HCMUT/install/arctos_motor_driver/share/arctos_motor_driver/local_setup.sh
-- Up-to-date symlink: /home/nguyen/ros2_ws/src/ros2_arctos_HCMUT/install/arctos_motor_driver/share/arctos_motor_driver/local_setup.zsh
-- Up-to-date symlink: /home/nguyen/ros2_ws/src/ros2_arctos_HCMUT/install/arctos_motor_driver/share/arctos_motor_driver/local_setup.dsv
-- Symlinking: /home/nguyen/ros2_ws/src/ros2_arctos_HCMUT/install/arctos_motor_driver/share/arctos_motor_driver/package.dsv
-- Up-to-date symlink: /home/nguyen/ros2_ws/src/ros2_arctos_HCMUT/install/arctos_motor_driver/share/ament_index/resource_index/packages/arctos_motor_driver
-- Up-to-date symlink: /home/nguyen/ros2_ws/src/ros2_arctos_HCMUT/install/arctos_motor_driver/share/arctos_motor_driver/cmake/ament_cmake_export_targets-extras.cmake
-- Up-to-date symlink: /home/nguyen/ros2_ws/src/ros2_arctos_HCMUT/install/arctos_motor_driver/share/arctos_motor_driver/cmake/ament_cmake_export_dependencies-extras.cmake
-- Up-to-date symlink: /home/nguyen/ros2_ws/src/ros2_arctos_HCMUT/install/arctos_motor_driver/share/arctos_motor_driver/cmake/arctos_motor_driverConfig.cmake
-- Up-to-date symlink: /home/nguyen/ros2_ws/src/ros2_arctos_HCMUT/install/arctos_motor_driver/share/arctos_motor_driver/cmake/arctos_motor_driverConfig-version.cmake
-- Up-to-date symlink: /home/nguyen/ros2_ws/src/ros2_arctos_HCMUT/install/arctos_motor_driver/share/arctos_motor_driver/package.xml
-- Installing: /home/nguyen/ros2_ws/src/ros2_arctos_HCMUT/install/arctos_motor_driver/lib/libcan_protocol.so
-- Set runtime path of "/home/nguyen/ros2_ws/src/ros2_arctos_HCMUT/install/arctos_motor_driver/lib/libcan_protocol.so" to ""
-- Installing: /home/nguyen/ros2_ws/src/ros2_arctos_HCMUT/install/arctos_motor_driver/lib/libuart_protocol.so
-- Set runtime path of "/home/nguyen/ros2_ws/src/ros2_arctos_HCMUT/install/arctos_motor_driver/lib/libuart_protocol.so" to ""
-- Installing: /home/nguyen/ros2_ws/src/ros2_arctos_HCMUT/install/arctos_motor_driver/lib/libarctos_motor_driver.so
-- Set runtime path of "/home/nguyen/ros2_ws/src/ros2_arctos_HCMUT/install/arctos_motor_driver/lib/libarctos_motor_driver.so" to ""
-- Up-to-date: /home/nguyen/ros2_ws/src/ros2_arctos_HCMUT/install/arctos_motor_driver/share/arctos_motor_driver/cmake/export_arctos_motor_driverExport.cmake
-- Up-to-date: /home/nguyen/ros2_ws/src/ros2_arctos_HCMUT/install/arctos_motor_driver/share/arctos_motor_driver/cmake/export_arctos_motor_driverExport-noconfig.cmake
