[0.009s] Invoking command in '/home/nguyen/ros2_ws/src/ros2_arctos_HCMUT/build/arctos_moveit_config': AMENT_PREFIX_PATH=/home/nguyen/ros2_ws/src/ros2_arctos_HCMUT/install/arctos_description:${AMENT_PREFIX_PATH} CMAKE_PREFIX_PATH=/home/nguyen/ros2_ws/src/ros2_arctos_HCMUT/install/arctos_description:/opt/ros/humble /usr/bin/cmake /home/nguyen/ros2_ws/src/ros2_arctos_HCMUT/arctos_moveit_config -DAMENT_CMAKE_SYMLINK_INSTALL=1 -DCMAKE_INSTALL_PREFIX=/home/nguyen/ros2_ws/src/ros2_arctos_HCMUT/install/arctos_moveit_config
[0.081s] -- The C compiler identification is GNU 11.4.0
[0.153s] -- The CXX compiler identification is GNU 11.4.0
[0.163s] -- Detecting C compiler ABI info
[0.253s] -- Detecting C compiler ABI info - done
[0.260s] -- Check for working C compiler: /usr/bin/cc - skipped
[0.260s] -- Detecting C compile features
[0.260s] -- Detecting C compile features - done
[0.264s] -- Detecting CXX compiler ABI info
[0.350s] -- Detecting CXX compiler ABI info - done
[0.358s] -- Check for working CXX compiler: /usr/bin/c++ - skipped
[0.358s] -- Detecting CXX compile features
[0.359s] -- Detecting CXX compile features - done
[0.361s] -- Found ament_cmake: 1.3.12 (/opt/ros/humble/share/ament_cmake/cmake)
[0.557s] -- Found Python3: /usr/bin/python3 (found version "3.10.12") found components: Interpreter 
[0.643s] -- Override CMake install command with custom implementation using symlinks instead of copying resources
[0.766s] -- Configuring done
[0.770s] -- Generating done
[0.772s] -- Build files have been written to: /home/nguyen/ros2_ws/src/ros2_arctos_HCMUT/build/arctos_moveit_config
[0.779s] Invoked command in '/home/nguyen/ros2_ws/src/ros2_arctos_HCMUT/build/arctos_moveit_config' returned '0': AMENT_PREFIX_PATH=/home/nguyen/ros2_ws/src/ros2_arctos_HCMUT/install/arctos_description:${AMENT_PREFIX_PATH} CMAKE_PREFIX_PATH=/home/nguyen/ros2_ws/src/ros2_arctos_HCMUT/install/arctos_description:/opt/ros/humble /usr/bin/cmake /home/nguyen/ros2_ws/src/ros2_arctos_HCMUT/arctos_moveit_config -DAMENT_CMAKE_SYMLINK_INSTALL=1 -DCMAKE_INSTALL_PREFIX=/home/nguyen/ros2_ws/src/ros2_arctos_HCMUT/install/arctos_moveit_config
[0.781s] Invoking command in '/home/nguyen/ros2_ws/src/ros2_arctos_HCMUT/build/arctos_moveit_config': AMENT_PREFIX_PATH=/home/nguyen/ros2_ws/src/ros2_arctos_HCMUT/install/arctos_description:${AMENT_PREFIX_PATH} CMAKE_PREFIX_PATH=/home/nguyen/ros2_ws/src/ros2_arctos_HCMUT/install/arctos_description:/opt/ros/humble /usr/bin/cmake --build /home/nguyen/ros2_ws/src/ros2_arctos_HCMUT/build/arctos_moveit_config -- -j12 -l12
[0.834s] Invoked command in '/home/nguyen/ros2_ws/src/ros2_arctos_HCMUT/build/arctos_moveit_config' returned '0': AMENT_PREFIX_PATH=/home/nguyen/ros2_ws/src/ros2_arctos_HCMUT/install/arctos_description:${AMENT_PREFIX_PATH} CMAKE_PREFIX_PATH=/home/nguyen/ros2_ws/src/ros2_arctos_HCMUT/install/arctos_description:/opt/ros/humble /usr/bin/cmake --build /home/nguyen/ros2_ws/src/ros2_arctos_HCMUT/build/arctos_moveit_config -- -j12 -l12
[0.838s] Invoking command in '/home/nguyen/ros2_ws/src/ros2_arctos_HCMUT/build/arctos_moveit_config': AMENT_PREFIX_PATH=/home/nguyen/ros2_ws/src/ros2_arctos_HCMUT/install/arctos_description:${AMENT_PREFIX_PATH} CMAKE_PREFIX_PATH=/home/nguyen/ros2_ws/src/ros2_arctos_HCMUT/install/arctos_description:/opt/ros/humble /usr/bin/cmake --install /home/nguyen/ros2_ws/src/ros2_arctos_HCMUT/build/arctos_moveit_config
[0.846s] -- Install configuration: ""
[0.846s] -- Execute custom install script
[0.847s] -- Symlinking: /home/nguyen/ros2_ws/src/ros2_arctos_HCMUT/install/arctos_moveit_config/share/ament_index/resource_index/package_run_dependencies/arctos_moveit_config
[0.859s] -- Symlinking: /home/nguyen/ros2_ws/src/ros2_arctos_HCMUT/install/arctos_moveit_config/share/ament_index/resource_index/parent_prefix_path/arctos_moveit_config
[0.872s] -- Symlinking: /home/nguyen/ros2_ws/src/ros2_arctos_HCMUT/install/arctos_moveit_config/share/arctos_moveit_config/environment/ament_prefix_path.sh
[0.884s] -- Symlinking: /home/nguyen/ros2_ws/src/ros2_arctos_HCMUT/install/arctos_moveit_config/share/arctos_moveit_config/environment/ament_prefix_path.dsv
[0.896s] -- Symlinking: /home/nguyen/ros2_ws/src/ros2_arctos_HCMUT/install/arctos_moveit_config/share/arctos_moveit_config/environment/path.sh
[0.908s] -- Symlinking: /home/nguyen/ros2_ws/src/ros2_arctos_HCMUT/install/arctos_moveit_config/share/arctos_moveit_config/environment/path.dsv
[0.921s] -- Symlinking: /home/nguyen/ros2_ws/src/ros2_arctos_HCMUT/install/arctos_moveit_config/share/arctos_moveit_config/local_setup.bash
[0.933s] -- Symlinking: /home/nguyen/ros2_ws/src/ros2_arctos_HCMUT/install/arctos_moveit_config/share/arctos_moveit_config/local_setup.sh
[0.944s] -- Symlinking: /home/nguyen/ros2_ws/src/ros2_arctos_HCMUT/install/arctos_moveit_config/share/arctos_moveit_config/local_setup.zsh
[0.957s] -- Symlinking: /home/nguyen/ros2_ws/src/ros2_arctos_HCMUT/install/arctos_moveit_config/share/arctos_moveit_config/local_setup.dsv
[0.967s] -- Symlinking: /home/nguyen/ros2_ws/src/ros2_arctos_HCMUT/install/arctos_moveit_config/share/arctos_moveit_config/package.dsv
[0.980s] -- Symlinking: /home/nguyen/ros2_ws/src/ros2_arctos_HCMUT/install/arctos_moveit_config/share/ament_index/resource_index/packages/arctos_moveit_config
[0.992s] -- Symlinking: /home/nguyen/ros2_ws/src/ros2_arctos_HCMUT/install/arctos_moveit_config/share/arctos_moveit_config/cmake/arctos_moveit_configConfig.cmake
[1.002s] -- Symlinking: /home/nguyen/ros2_ws/src/ros2_arctos_HCMUT/install/arctos_moveit_config/share/arctos_moveit_config/cmake/arctos_moveit_configConfig-version.cmake
[1.012s] -- Symlinking: /home/nguyen/ros2_ws/src/ros2_arctos_HCMUT/install/arctos_moveit_config/share/arctos_moveit_config/package.xml
[1.022s] -- Symlinking: /home/nguyen/ros2_ws/src/ros2_arctos_HCMUT/install/arctos_moveit_config/share/arctos_moveit_config/launch/demo.launch.py
[1.033s] -- Symlinking: /home/nguyen/ros2_ws/src/ros2_arctos_HCMUT/install/arctos_moveit_config/share/arctos_moveit_config/launch/move_group.launch.py
[1.043s] -- Symlinking: /home/nguyen/ros2_ws/src/ros2_arctos_HCMUT/install/arctos_moveit_config/share/arctos_moveit_config/launch/moveit_rviz.launch.py
[1.052s] -- Symlinking: /home/nguyen/ros2_ws/src/ros2_arctos_HCMUT/install/arctos_moveit_config/share/arctos_moveit_config/launch/rsp.launch.py
[1.062s] -- Symlinking: /home/nguyen/ros2_ws/src/ros2_arctos_HCMUT/install/arctos_moveit_config/share/arctos_moveit_config/launch/setup_assistant.launch.py
[1.072s] -- Symlinking: /home/nguyen/ros2_ws/src/ros2_arctos_HCMUT/install/arctos_moveit_config/share/arctos_moveit_config/launch/spawn_controllers.launch.py
[1.083s] -- Symlinking: /home/nguyen/ros2_ws/src/ros2_arctos_HCMUT/install/arctos_moveit_config/share/arctos_moveit_config/launch/static_virtual_joint_tfs.launch.py
[1.092s] -- Symlinking: /home/nguyen/ros2_ws/src/ros2_arctos_HCMUT/install/arctos_moveit_config/share/arctos_moveit_config/launch/warehouse_db.launch.py
[1.102s] -- Symlinking: /home/nguyen/ros2_ws/src/ros2_arctos_HCMUT/install/arctos_moveit_config/share/arctos_moveit_config/config/arctos.ros2_control.xacro
[1.113s] -- Symlinking: /home/nguyen/ros2_ws/src/ros2_arctos_HCMUT/install/arctos_moveit_config/share/arctos_moveit_config/config/arctos.srdf
[1.123s] -- Symlinking: /home/nguyen/ros2_ws/src/ros2_arctos_HCMUT/install/arctos_moveit_config/share/arctos_moveit_config/config/arctos.urdf.xacro
[1.133s] -- Symlinking: /home/nguyen/ros2_ws/src/ros2_arctos_HCMUT/install/arctos_moveit_config/share/arctos_moveit_config/config/chomp_planning.yaml
[1.143s] -- Symlinking: /home/nguyen/ros2_ws/src/ros2_arctos_HCMUT/install/arctos_moveit_config/share/arctos_moveit_config/config/initial_positions.yaml
[1.154s] -- Symlinking: /home/nguyen/ros2_ws/src/ros2_arctos_HCMUT/install/arctos_moveit_config/share/arctos_moveit_config/config/joint_limits.yaml
[1.164s] -- Symlinking: /home/nguyen/ros2_ws/src/ros2_arctos_HCMUT/install/arctos_moveit_config/share/arctos_moveit_config/config/kinematics.yaml
[1.174s] -- Symlinking: /home/nguyen/ros2_ws/src/ros2_arctos_HCMUT/install/arctos_moveit_config/share/arctos_moveit_config/config/moveit.rviz
[1.184s] -- Symlinking: /home/nguyen/ros2_ws/src/ros2_arctos_HCMUT/install/arctos_moveit_config/share/arctos_moveit_config/config/moveit_controllers.yaml
[1.195s] -- Symlinking: /home/nguyen/ros2_ws/src/ros2_arctos_HCMUT/install/arctos_moveit_config/share/arctos_moveit_config/config/pilz_cartesian_limits.yaml
[1.206s] -- Symlinking: /home/nguyen/ros2_ws/src/ros2_arctos_HCMUT/install/arctos_moveit_config/share/arctos_moveit_config/config/ros2_controllers.yaml
[1.216s] -- Symlinking: /home/nguyen/ros2_ws/src/ros2_arctos_HCMUT/install/arctos_moveit_config/share/arctos_moveit_config/.setup_assistant
[1.231s] Invoked command in '/home/nguyen/ros2_ws/src/ros2_arctos_HCMUT/build/arctos_moveit_config' returned '0': AMENT_PREFIX_PATH=/home/nguyen/ros2_ws/src/ros2_arctos_HCMUT/install/arctos_description:${AMENT_PREFIX_PATH} CMAKE_PREFIX_PATH=/home/nguyen/ros2_ws/src/ros2_arctos_HCMUT/install/arctos_description:/opt/ros/humble /usr/bin/cmake --install /home/nguyen/ros2_ws/src/ros2_arctos_HCMUT/build/arctos_moveit_config
