-- Found ament_cmake: 1.3.12 (/opt/ros/humble/share/ament_cmake/cmake)
-- Override CMake install command with custom implementation using symlinks instead of copying resources
-- Found rclcpp: 16.0.17 (/opt/ros/humble/share/rclcpp/cmake)
-- Found rosidl_generator_c: 3.1.8 (/opt/ros/humble/share/rosidl_generator_c/cmake)
-- Found rosidl_adapter: 3.1.8 (/opt/ros/humble/share/rosidl_adapter/cmake)
-- Found rosidl_generator_cpp: 3.1.8 (/opt/ros/humble/share/rosidl_generator_cpp/cmake)
-- Using all available rosidl_typesupport_c: rosidl_typesupport_fastrtps_c;rosidl_typesupport_introspection_c
-- Using all available rosidl_typesupport_cpp: rosidl_typesupport_fastrtps_cpp;rosidl_typesupport_introspection_cpp
-- Found rmw_implementation_cmake: 6.1.2 (/opt/ros/humble/share/rmw_implementation_cmake/cmake)
-- Found rmw_fastrtps_cpp: 6.2.9 (/opt/ros/humble/share/rmw_fastrtps_cpp/cmake)
-- Using RMW implementation 'rmw_fastrtps_cpp' as default
-- Found can_msgs: 2.0.0 (/opt/ros/humble/share/can_msgs/cmake)
-- Found sensor_msgs: 4.9.0 (/opt/ros/humble/share/sensor_msgs/cmake)
-- Found hardware_interface: 2.53.0 (/opt/ros/humble/share/hardware_interface/cmake)
-- Found realtime_tools: 2.15.0 (/opt/ros/humble/share/realtime_tools/cmake)
-- Found arctos_motor_driver: 0.0.1 (/home/nguyen/ros2_ws/src/ros2_arctos_HCMUT/install/arctos_motor_driver/share/arctos_motor_driver/cmake)
-- Found std_srvs: 4.9.0 (/opt/ros/humble/share/std_srvs/cmake)
-- Configuring done
-- Generating done
-- Build files have been written to: /home/nguyen/ros2_ws/src/ros2_arctos_HCMUT/build/arctos_hardware_interface
[35m[1mConsolidate compiler generated dependencies of target arctos_services[0m
[ 25%] [32mBuilding CXX object CMakeFiles/arctos_services.dir/src/arctos_services.cpp.o[0m
[ 50%] [32m[1mLinking CXX shared library libarctos_services.so[0m
[ 50%] Built target arctos_services
[35m[1mConsolidate compiler generated dependencies of target arctos_interface[0m
[ 75%] [32mBuilding CXX object CMakeFiles/arctos_interface.dir/src/arctos_interface.cpp.o[0m
[100%] [32m[1mLinking CXX shared library libarctos_interface.so[0m
[100%] Built target arctos_interface
-- Install configuration: ""
-- Execute custom install script
-- Up-to-date symlink: /home/nguyen/ros2_ws/src/ros2_arctos_HCMUT/install/arctos_hardware_interface/share/arctos_hardware_interface//arctos_hardware_interface.xml
-- Up-to-date symlink: /home/nguyen/ros2_ws/src/ros2_arctos_HCMUT/install/arctos_hardware_interface/include/arctos_hardware_interface/arctos_interface.hpp
-- Up-to-date symlink: /home/nguyen/ros2_ws/src/ros2_arctos_HCMUT/install/arctos_hardware_interface/include/arctos_hardware_interface/arctos_services.hpp
-- Up-to-date symlink: /home/nguyen/ros2_ws/src/ros2_arctos_HCMUT/install/arctos_hardware_interface/share/arctos_hardware_interface/launch/can_interface.launch.py
-- Up-to-date symlink: /home/nguyen/ros2_ws/src/ros2_arctos_HCMUT/install/arctos_hardware_interface/share/arctos_hardware_interface/arctos_hardware_interface.xml
-- Up-to-date symlink: /home/nguyen/ros2_ws/src/ros2_arctos_HCMUT/install/arctos_hardware_interface/share/arctos_hardware_interface/environment/library_path.sh
-- Up-to-date symlink: /home/nguyen/ros2_ws/src/ros2_arctos_HCMUT/install/arctos_hardware_interface/share/arctos_hardware_interface/environment/library_path.dsv
-- Up-to-date symlink: /home/nguyen/ros2_ws/src/ros2_arctos_HCMUT/install/arctos_hardware_interface/share/ament_index/resource_index/package_run_dependencies/arctos_hardware_interface
-- Up-to-date symlink: /home/nguyen/ros2_ws/src/ros2_arctos_HCMUT/install/arctos_hardware_interface/share/ament_index/resource_index/parent_prefix_path/arctos_hardware_interface
-- Up-to-date symlink: /home/nguyen/ros2_ws/src/ros2_arctos_HCMUT/install/arctos_hardware_interface/share/arctos_hardware_interface/environment/ament_prefix_path.sh
-- Up-to-date symlink: /home/nguyen/ros2_ws/src/ros2_arctos_HCMUT/install/arctos_hardware_interface/share/arctos_hardware_interface/environment/ament_prefix_path.dsv
-- Up-to-date symlink: /home/nguyen/ros2_ws/src/ros2_arctos_HCMUT/install/arctos_hardware_interface/share/arctos_hardware_interface/environment/path.sh
-- Up-to-date symlink: /home/nguyen/ros2_ws/src/ros2_arctos_HCMUT/install/arctos_hardware_interface/share/arctos_hardware_interface/environment/path.dsv
-- Up-to-date symlink: /home/nguyen/ros2_ws/src/ros2_arctos_HCMUT/install/arctos_hardware_interface/share/arctos_hardware_interface/local_setup.bash
-- Up-to-date symlink: /home/nguyen/ros2_ws/src/ros2_arctos_HCMUT/install/arctos_hardware_interface/share/arctos_hardware_interface/local_setup.sh
-- Up-to-date symlink: /home/nguyen/ros2_ws/src/ros2_arctos_HCMUT/install/arctos_hardware_interface/share/arctos_hardware_interface/local_setup.zsh
-- Up-to-date symlink: /home/nguyen/ros2_ws/src/ros2_arctos_HCMUT/install/arctos_hardware_interface/share/arctos_hardware_interface/local_setup.dsv
-- Symlinking: /home/nguyen/ros2_ws/src/ros2_arctos_HCMUT/install/arctos_hardware_interface/share/arctos_hardware_interface/package.dsv
-- Up-to-date symlink: /home/nguyen/ros2_ws/src/ros2_arctos_HCMUT/install/arctos_hardware_interface/share/ament_index/resource_index/packages/arctos_hardware_interface
-- Up-to-date symlink: /home/nguyen/ros2_ws/src/ros2_arctos_HCMUT/install/arctos_hardware_interface/share/ament_index/resource_index/hardware_interface__pluginlib__plugin/arctos_hardware_interface
-- Up-to-date symlink: /home/nguyen/ros2_ws/src/ros2_arctos_HCMUT/install/arctos_hardware_interface/share/arctos_hardware_interface/cmake/ament_cmake_export_targets-extras.cmake
-- Up-to-date symlink: /home/nguyen/ros2_ws/src/ros2_arctos_HCMUT/install/arctos_hardware_interface/share/arctos_hardware_interface/cmake/ament_cmake_export_dependencies-extras.cmake
-- Up-to-date symlink: /home/nguyen/ros2_ws/src/ros2_arctos_HCMUT/install/arctos_hardware_interface/share/arctos_hardware_interface/cmake/arctos_hardware_interfaceConfig.cmake
-- Up-to-date symlink: /home/nguyen/ros2_ws/src/ros2_arctos_HCMUT/install/arctos_hardware_interface/share/arctos_hardware_interface/cmake/arctos_hardware_interfaceConfig-version.cmake
-- Up-to-date symlink: /home/nguyen/ros2_ws/src/ros2_arctos_HCMUT/install/arctos_hardware_interface/share/arctos_hardware_interface/package.xml
-- Installing: /home/nguyen/ros2_ws/src/ros2_arctos_HCMUT/install/arctos_hardware_interface/lib/libarctos_interface.so
-- Set runtime path of "/home/nguyen/ros2_ws/src/ros2_arctos_HCMUT/install/arctos_hardware_interface/lib/libarctos_interface.so" to ""
-- Installing: /home/nguyen/ros2_ws/src/ros2_arctos_HCMUT/install/arctos_hardware_interface/lib/libarctos_services.so
-- Set runtime path of "/home/nguyen/ros2_ws/src/ros2_arctos_HCMUT/install/arctos_hardware_interface/lib/libarctos_services.so" to ""
-- Up-to-date: /home/nguyen/ros2_ws/src/ros2_arctos_HCMUT/install/arctos_hardware_interface/share/arctos_hardware_interface/cmake/export_arctos_interfaceExport.cmake
-- Up-to-date: /home/nguyen/ros2_ws/src/ros2_arctos_HCMUT/install/arctos_hardware_interface/share/arctos_hardware_interface/cmake/export_arctos_interfaceExport-noconfig.cmake
