-- Found ament_cmake: 1.3.12 (/opt/ros/humble/share/ament_cmake/cmake)
-- Override CMake install command with custom implementation using symlinks instead of copying resources
-- Found ament_cmake_ros: 0.10.0 (/opt/ros/humble/share/ament_cmake_ros/cmake)
-- Found rclcpp: 16.0.17 (/opt/ros/humble/share/rclcpp/cmake)
-- Found rosidl_generator_c: 3.1.8 (/opt/ros/humble/share/rosidl_generator_c/cmake)
-- Found rosidl_adapter: 3.1.8 (/opt/ros/humble/share/rosidl_adapter/cmake)
-- Found rosidl_generator_cpp: 3.1.8 (/opt/ros/humble/share/rosidl_generator_cpp/cmake)
-- Using all available rosidl_typesupport_c: rosidl_typesupport_fastrtps_c;rosidl_typesupport_introspection_c
-- Using all available rosidl_typesupport_cpp: rosidl_typesupport_fastrtps_cpp;rosidl_typesupport_introspection_cpp
-- Found rmw_implementation_cmake: 6.1.2 (/opt/ros/humble/share/rmw_implementation_cmake/cmake)
-- Found rmw_fastrtps_cpp: 6.2.9 (/opt/ros/humble/share/rmw_fastrtps_cpp/cmake)
-- Using RMW implementation 'rmw_fastrtps_cpp' as default
-- Found rclcpp_components: 16.0.17 (/opt/ros/humble/share/rclcpp_components/cmake)
-- Found camera_info_manager: 3.1.12 (/opt/ros/humble/share/camera_info_manager/cmake)
-- Found cv_bridge: 3.2.1 (/opt/ros/humble/share/cv_bridge/cmake)
-- Found image_transport: 3.1.12 (/opt/ros/humble/share/image_transport/cmake)
-- Found ament_lint_auto: 0.12.14 (/opt/ros/humble/share/ament_lint_auto/cmake)
-- Added test 'cppcheck' to perform static code analysis on C / C++ code
-- Configured cppcheck include dirs: $<BUILD_INTERFACE:/home/nguyen/ros2_ws/src/ros2_arctos_HCMUT/src/v4l2_camera/include>
-- Configured cppcheck exclude dirs and/or files: 
-- Added test 'cpplint' to check C / C++ code against the Google style
-- Configured cpplint exclude dirs and/or files: 
-- Added test 'lint_cmake' to check CMake code style
-- Added test 'uncrustify' to check C / C++ code style
-- Configured uncrustify additional arguments: 
-- Added test 'xmllint' to check XML markup files
-- Configuring done
-- Generating done
-- Build files have been written to: /home/nguyen/ros2_ws/src/ros2_arctos_HCMUT/build/v4l2_camera
[35m[1mConsolidate compiler generated dependencies of target v4l2_camera[0m
[ 45%] Built target v4l2_camera
[35m[1mConsolidate compiler generated dependencies of target v4l2_camera_compose_test[0m
[35m[1mConsolidate compiler generated dependencies of target camera_subscriber_node[0m
[35m[1mConsolidate compiler generated dependencies of target v4l2_camera_node[0m
[ 72%] Built target v4l2_camera_compose_test
[ 81%] Built target camera_subscriber_node
[100%] Built target v4l2_camera_node
-- Install configuration: ""
-- Execute custom install script
-- Up-to-date symlink: /home/nguyen/ros2_ws/src/ros2_arctos_HCMUT/install/v4l2_camera/include/v4l2_camera/camera_subscriber.hpp
-- Up-to-date symlink: /home/nguyen/ros2_ws/src/ros2_arctos_HCMUT/install/v4l2_camera/include/v4l2_camera/control.hpp
-- Up-to-date symlink: /home/nguyen/ros2_ws/src/ros2_arctos_HCMUT/install/v4l2_camera/include/v4l2_camera/fourcc.hpp
-- Up-to-date symlink: /home/nguyen/ros2_ws/src/ros2_arctos_HCMUT/install/v4l2_camera/include/v4l2_camera/image_format.hpp
-- Up-to-date symlink: /home/nguyen/ros2_ws/src/ros2_arctos_HCMUT/install/v4l2_camera/include/v4l2_camera/parameters.hpp
-- Up-to-date symlink: /home/nguyen/ros2_ws/src/ros2_arctos_HCMUT/install/v4l2_camera/include/v4l2_camera/pixel_format.hpp
-- Up-to-date symlink: /home/nguyen/ros2_ws/src/ros2_arctos_HCMUT/install/v4l2_camera/include/v4l2_camera/v4l2_camera.hpp
-- Up-to-date symlink: /home/nguyen/ros2_ws/src/ros2_arctos_HCMUT/install/v4l2_camera/include/v4l2_camera/v4l2_camera_device.hpp
-- Up-to-date symlink: /home/nguyen/ros2_ws/src/ros2_arctos_HCMUT/install/v4l2_camera/include/v4l2_camera/visibility_control.h
-- Up-to-date symlink: /home/nguyen/ros2_ws/src/ros2_arctos_HCMUT/install/v4l2_camera/share/v4l2_camera/environment/library_path.sh
-- Up-to-date symlink: /home/nguyen/ros2_ws/src/ros2_arctos_HCMUT/install/v4l2_camera/share/v4l2_camera/environment/library_path.dsv
-- Up-to-date symlink: /home/nguyen/ros2_ws/src/ros2_arctos_HCMUT/install/v4l2_camera/share/ament_index/resource_index/package_run_dependencies/v4l2_camera
-- Up-to-date symlink: /home/nguyen/ros2_ws/src/ros2_arctos_HCMUT/install/v4l2_camera/share/ament_index/resource_index/parent_prefix_path/v4l2_camera
-- Up-to-date symlink: /home/nguyen/ros2_ws/src/ros2_arctos_HCMUT/install/v4l2_camera/share/v4l2_camera/environment/ament_prefix_path.sh
-- Up-to-date symlink: /home/nguyen/ros2_ws/src/ros2_arctos_HCMUT/install/v4l2_camera/share/v4l2_camera/environment/ament_prefix_path.dsv
-- Up-to-date symlink: /home/nguyen/ros2_ws/src/ros2_arctos_HCMUT/install/v4l2_camera/share/v4l2_camera/environment/path.sh
-- Up-to-date symlink: /home/nguyen/ros2_ws/src/ros2_arctos_HCMUT/install/v4l2_camera/share/v4l2_camera/environment/path.dsv
-- Up-to-date symlink: /home/nguyen/ros2_ws/src/ros2_arctos_HCMUT/install/v4l2_camera/share/v4l2_camera/local_setup.bash
-- Up-to-date symlink: /home/nguyen/ros2_ws/src/ros2_arctos_HCMUT/install/v4l2_camera/share/v4l2_camera/local_setup.sh
-- Up-to-date symlink: /home/nguyen/ros2_ws/src/ros2_arctos_HCMUT/install/v4l2_camera/share/v4l2_camera/local_setup.zsh
-- Up-to-date symlink: /home/nguyen/ros2_ws/src/ros2_arctos_HCMUT/install/v4l2_camera/share/v4l2_camera/local_setup.dsv
-- Symlinking: /home/nguyen/ros2_ws/src/ros2_arctos_HCMUT/install/v4l2_camera/share/v4l2_camera/package.dsv
-- Up-to-date symlink: /home/nguyen/ros2_ws/src/ros2_arctos_HCMUT/install/v4l2_camera/share/ament_index/resource_index/packages/v4l2_camera
-- Up-to-date symlink: /home/nguyen/ros2_ws/src/ros2_arctos_HCMUT/install/v4l2_camera/share/ament_index/resource_index/rclcpp_components/v4l2_camera
-- Up-to-date symlink: /home/nguyen/ros2_ws/src/ros2_arctos_HCMUT/install/v4l2_camera/share/v4l2_camera/cmake/ament_cmake_export_include_directories-extras.cmake
-- Up-to-date symlink: /home/nguyen/ros2_ws/src/ros2_arctos_HCMUT/install/v4l2_camera/share/v4l2_camera/cmake/ament_cmake_export_targets-extras.cmake
-- Up-to-date symlink: /home/nguyen/ros2_ws/src/ros2_arctos_HCMUT/install/v4l2_camera/share/v4l2_camera/cmake/ament_cmake_export_libraries-extras.cmake
-- Up-to-date symlink: /home/nguyen/ros2_ws/src/ros2_arctos_HCMUT/install/v4l2_camera/share/v4l2_camera/cmake/ament_cmake_export_dependencies-extras.cmake
-- Up-to-date symlink: /home/nguyen/ros2_ws/src/ros2_arctos_HCMUT/install/v4l2_camera/share/v4l2_camera/cmake/v4l2_cameraConfig.cmake
-- Up-to-date symlink: /home/nguyen/ros2_ws/src/ros2_arctos_HCMUT/install/v4l2_camera/share/v4l2_camera/cmake/v4l2_cameraConfig-version.cmake
-- Up-to-date symlink: /home/nguyen/ros2_ws/src/ros2_arctos_HCMUT/install/v4l2_camera/share/v4l2_camera/package.xml
-- Up-to-date: /home/nguyen/ros2_ws/src/ros2_arctos_HCMUT/install/v4l2_camera/lib/libv4l2_camera.so
-- Up-to-date: /home/nguyen/ros2_ws/src/ros2_arctos_HCMUT/install/v4l2_camera/lib/v4l2_camera/v4l2_camera_node
-- Up-to-date: /home/nguyen/ros2_ws/src/ros2_arctos_HCMUT/install/v4l2_camera/lib/v4l2_camera/v4l2_camera_compose_test
-- Up-to-date: /home/nguyen/ros2_ws/src/ros2_arctos_HCMUT/install/v4l2_camera/lib/v4l2_camera/camera_subscriber_node
-- Up-to-date: /home/nguyen/ros2_ws/src/ros2_arctos_HCMUT/install/v4l2_camera/share/v4l2_camera/cmake/export_v4l2_cameraExport.cmake
-- Up-to-date: /home/nguyen/ros2_ws/src/ros2_arctos_HCMUT/install/v4l2_camera/share/v4l2_camera/cmake/export_v4l2_cameraExport-noconfig.cmake
