-- Found ament_cmake: 1.3.12 (/opt/ros/humble/share/ament_cmake/cmake)
-- Override CMake install command with custom implementation using symlinks instead of copying resources
-- Found arctos_description: 0.0.0 (/home/nguyen/ros2_ws/src/ros2_arctos_HCMUT/install/arctos_description/share/arctos_description/cmake)
-- Found arctos_hardware_interface: 0.0.1 (/home/nguyen/ros2_ws/src/ros2_arctos_HCMUT/install/arctos_hardware_interface/share/arctos_hardware_interface/cmake)
-- Found rosidl_generator_c: 3.1.8 (/opt/ros/humble/share/rosidl_generator_c/cmake)
-- Found rosidl_adapter: 3.1.8 (/opt/ros/humble/share/rosidl_adapter/cmake)
-- Found rosidl_generator_cpp: 3.1.8 (/opt/ros/humble/share/rosidl_generator_cpp/cmake)
-- Using all available rosidl_typesupport_c: rosidl_typesupport_fastrtps_c;rosidl_typesupport_introspection_c
-- Using all available rosidl_typesupport_cpp: rosidl_typesupport_fastrtps_cpp;rosidl_typesupport_introspection_cpp
-- Found rmw_implementation_cmake: 6.1.2 (/opt/ros/humble/share/rmw_implementation_cmake/cmake)
-- Found rmw_fastrtps_cpp: 6.2.9 (/opt/ros/humble/share/rmw_fastrtps_cpp/cmake)
-- Using RMW implementation 'rmw_fastrtps_cpp' as default
-- Found arctos_moveit_config: 0.3.0 (/home/nguyen/ros2_ws/src/ros2_arctos_HCMUT/install/arctos_moveit_config/share/arctos_moveit_config/cmake)
Error parsing '/home/nguyen/ros2_ws/src/ros2_arctos_HCMUT/arctos_bringup/package.xml':
Traceback (most recent call last):
  File "/usr/lib/python3/dist-packages/catkin_pkg/package.py", line 610, in parse_package_string
    root = dom.parseString(data)
  File "/usr/lib/python3.10/xml/dom/minidom.py", line 1995, in parseString
    return expatbuilder.parseString(string)
  File "/usr/lib/python3.10/xml/dom/expatbuilder.py", line 925, in parseString
    return builder.parseString(string)
  File "/usr/lib/python3.10/xml/dom/expatbuilder.py", line 223, in parseString
    parser.Parse(string, True)
xml.parsers.expat.ExpatError: mismatched tag: line 19, column 2

During handling of the above exception, another exception occurred:

Traceback (most recent call last):
  File "/opt/ros/humble/share/ament_cmake_core/cmake/core/package_xml_2_cmake.py", line 150, in <module>
    main()
  File "/opt/ros/humble/share/ament_cmake_core/cmake/core/package_xml_2_cmake.py", line 53, in main
    raise e
  File "/opt/ros/humble/share/ament_cmake_core/cmake/core/package_xml_2_cmake.py", line 49, in main
    package = parse_package_string(
  File "/usr/lib/python3/dist-packages/catkin_pkg/package.py", line 612, in parse_package_string
    raise InvalidPackage('The manifest contains invalid XML:\n%s' % ex, filename)
catkin_pkg.package.InvalidPackage: Error(s) in package '/home/nguyen/ros2_ws/src/ros2_arctos_HCMUT/arctos_bringup/package.xml':
The manifest contains invalid XML:
mismatched tag: line 19, column 2
[31mCMake Error at /opt/ros/humble/share/ament_cmake_core/cmake/core/ament_package_xml.cmake:95 (message):
  execute_process(/usr/bin/python3
  /opt/ros/humble/share/ament_cmake_core/cmake/core/package_xml_2_cmake.py
  /home/nguyen/ros2_ws/src/ros2_arctos_HCMUT/arctos_bringup/package.xml
  /home/nguyen/ros2_ws/src/ros2_arctos_HCMUT/build/arctos_bringup/ament_cmake_core/package.cmake)
  returned error code 1
Call Stack (most recent call first):
  /opt/ros/humble/share/ament_cmake_core/cmake/core/ament_package_xml.cmake:49 (_ament_package_xml)
  /opt/ros/humble/share/ament_cmake_core/cmake/core/ament_package.cmake:63 (ament_package_xml)
  CMakeLists.txt:22 (ament_package)

[0m
-- Configuring incomplete, errors occurred!
See also "/home/nguyen/ros2_ws/src/ros2_arctos_HCMUT/build/arctos_bringup/CMakeFiles/CMakeOutput.log".
gmake: *** [Makefile:226: cmake_check_build_system] Error 1
