[0.039s] Invoking command in '/home/nguyen/ros2_ws/src/ros2_arctos_HCMUT/build/serial': CMAKE_PREFIX_PATH=${CMAKE_PREFIX_PATH}:/home/nguyen/ros2_ws_1/install/gazebo_simulation:/opt/ros/humble /usr/bin/cmake --build /home/nguyen/ros2_ws/src/ros2_arctos_HCMUT/build/serial -- -j12 -l12
[0.110s] [35m[1mConsolidate compiler generated dependencies of target gtest[0m
[0.110s] [35m[1mConsolidate compiler generated dependencies of target gtest_main[0m
[0.110s] [35m[1mConsolidate compiler generated dependencies of target serial[0m
[0.142s] [ 21%] Built target gtest_main
[0.142s] [ 28%] Built target gtest
[0.144s] [ 57%] Built target serial
[0.164s] [35m[1mConsolidate compiler generated dependencies of target serial_example[0m
[0.165s] [35m[1mConsolidate compiler generated dependencies of target serial-test-timer[0m
[0.165s] [35m[1mConsolidate compiler generated dependencies of target serial-test[0m
[0.189s] [ 71%] Built target serial_example
[0.193s] [ 85%] Built target serial-test-timer
[0.197s] [100%] Built target serial-test
[0.247s] Invoked command in '/home/nguyen/ros2_ws/src/ros2_arctos_HCMUT/build/serial' returned '0': CMAKE_PREFIX_PATH=${CMAKE_PREFIX_PATH}:/home/nguyen/ros2_ws_1/install/gazebo_simulation:/opt/ros/humble /usr/bin/cmake --build /home/nguyen/ros2_ws/src/ros2_arctos_HCMUT/build/serial -- -j12 -l12
[0.250s] Invoking command in '/home/nguyen/ros2_ws/src/ros2_arctos_HCMUT/build/serial': CMAKE_PREFIX_PATH=${CMAKE_PREFIX_PATH}:/home/nguyen/ros2_ws_1/install/gazebo_simulation:/opt/ros/humble /usr/bin/cmake --install /home/nguyen/ros2_ws/src/ros2_arctos_HCMUT/build/serial
[0.265s] -- Install configuration: ""
[0.266s] -- Execute custom install script
[0.266s] -- Up-to-date symlink: /home/nguyen/ros2_ws/src/ros2_arctos_HCMUT/install/serial/lib/libserial.a
[0.266s] -- Up-to-date symlink: /home/nguyen/ros2_ws/src/ros2_arctos_HCMUT/install/serial/include/serial/serial.h
[0.267s] -- Up-to-date symlink: /home/nguyen/ros2_ws/src/ros2_arctos_HCMUT/install/serial/include/serial/v8stdint.h
[0.267s] -- Up-to-date symlink: /home/nguyen/ros2_ws/src/ros2_arctos_HCMUT/install/serial/share/serial/environment/library_path.sh
[0.267s] -- Up-to-date symlink: /home/nguyen/ros2_ws/src/ros2_arctos_HCMUT/install/serial/share/serial/environment/library_path.dsv
[0.267s] -- Up-to-date symlink: /home/nguyen/ros2_ws/src/ros2_arctos_HCMUT/install/serial/share/ament_index/resource_index/package_run_dependencies/serial
[0.268s] -- Up-to-date symlink: /home/nguyen/ros2_ws/src/ros2_arctos_HCMUT/install/serial/share/ament_index/resource_index/parent_prefix_path/serial
[0.268s] -- Up-to-date symlink: /home/nguyen/ros2_ws/src/ros2_arctos_HCMUT/install/serial/share/serial/environment/ament_prefix_path.sh
[0.268s] -- Up-to-date symlink: /home/nguyen/ros2_ws/src/ros2_arctos_HCMUT/install/serial/share/serial/environment/ament_prefix_path.dsv
[0.268s] -- Up-to-date symlink: /home/nguyen/ros2_ws/src/ros2_arctos_HCMUT/install/serial/share/serial/environment/path.sh
[0.268s] -- Up-to-date symlink: /home/nguyen/ros2_ws/src/ros2_arctos_HCMUT/install/serial/share/serial/environment/path.dsv
[0.269s] -- Up-to-date symlink: /home/nguyen/ros2_ws/src/ros2_arctos_HCMUT/install/serial/share/serial/local_setup.bash
[0.269s] -- Up-to-date symlink: /home/nguyen/ros2_ws/src/ros2_arctos_HCMUT/install/serial/share/serial/local_setup.sh
[0.269s] -- Up-to-date symlink: /home/nguyen/ros2_ws/src/ros2_arctos_HCMUT/install/serial/share/serial/local_setup.zsh
[0.269s] -- Up-to-date symlink: /home/nguyen/ros2_ws/src/ros2_arctos_HCMUT/install/serial/share/serial/local_setup.dsv
[0.269s] -- Symlinking: /home/nguyen/ros2_ws/src/ros2_arctos_HCMUT/install/serial/share/serial/package.dsv
[0.290s] -- Up-to-date symlink: /home/nguyen/ros2_ws/src/ros2_arctos_HCMUT/install/serial/share/ament_index/resource_index/packages/serial
[0.290s] -- Up-to-date symlink: /home/nguyen/ros2_ws/src/ros2_arctos_HCMUT/install/serial/share/serial/cmake/ament_cmake_export_include_directories-extras.cmake
[0.290s] -- Up-to-date symlink: /home/nguyen/ros2_ws/src/ros2_arctos_HCMUT/install/serial/share/serial/cmake/ament_cmake_export_libraries-extras.cmake
[0.290s] -- Up-to-date symlink: /home/nguyen/ros2_ws/src/ros2_arctos_HCMUT/install/serial/share/serial/cmake/serialConfig.cmake
[0.291s] -- Up-to-date symlink: /home/nguyen/ros2_ws/src/ros2_arctos_HCMUT/install/serial/share/serial/cmake/serialConfig-version.cmake
[0.291s] -- Up-to-date symlink: /home/nguyen/ros2_ws/src/ros2_arctos_HCMUT/install/serial/share/serial/package.xml
[0.296s] Invoked command in '/home/nguyen/ros2_ws/src/ros2_arctos_HCMUT/build/serial' returned '0': CMAKE_PREFIX_PATH=${CMAKE_PREFIX_PATH}:/home/nguyen/ros2_ws_1/install/gazebo_simulation:/opt/ros/humble /usr/bin/cmake --install /home/nguyen/ros2_ws/src/ros2_arctos_HCMUT/build/serial
