[0.026s] Invoking command in '/home/nguyen/ros2_ws/src/ros2_arctos_HCMUT/build/v4l2_camera': CMAKE_PREFIX_PATH=${CMAKE_PREFIX_PATH}:/home/nguyen/ros2_ws_1/install/gazebo_simulation:/opt/ros/humble /usr/bin/cmake /home/nguyen/ros2_ws/src/ros2_arctos_HCMUT/src/v4l2_camera -DAMENT_CMAKE_SYMLINK_INSTALL=1 -DCMAKE_INSTALL_PREFIX=/home/nguyen/ros2_ws/src/ros2_arctos_HCMUT/install/v4l2_camera
[0.045s] -- Found ament_cmake: 1.3.12 (/opt/ros/humble/share/ament_cmake/cmake)
[0.227s] -- Override CMake install command with custom implementation using symlinks instead of copying resources
[0.236s] -- Found ament_cmake_ros: 0.10.0 (/opt/ros/humble/share/ament_cmake_ros/cmake)
[0.240s] -- Found rclcpp: 16.0.17 (/opt/ros/humble/share/rclcpp/cmake)
[0.283s] -- Found rosidl_generator_c: 3.1.8 (/opt/ros/humble/share/rosidl_generator_c/cmake)
[0.287s] -- Found rosidl_adapter: 3.1.8 (/opt/ros/humble/share/rosidl_adapter/cmake)
[0.295s] -- Found rosidl_generator_cpp: 3.1.8 (/opt/ros/humble/share/rosidl_generator_cpp/cmake)
[0.311s] -- Using all available rosidl_typesupport_c: rosidl_typesupport_fastrtps_c;rosidl_typesupport_introspection_c
[0.332s] -- Using all available rosidl_typesupport_cpp: rosidl_typesupport_fastrtps_cpp;rosidl_typesupport_introspection_cpp
[0.379s] -- Found rmw_implementation_cmake: 6.1.2 (/opt/ros/humble/share/rmw_implementation_cmake/cmake)
[0.383s] -- Found rmw_fastrtps_cpp: 6.2.9 (/opt/ros/humble/share/rmw_fastrtps_cpp/cmake)
[0.606s] -- Using RMW implementation 'rmw_fastrtps_cpp' as default
[0.680s] -- Found rclcpp_components: 16.0.17 (/opt/ros/humble/share/rclcpp_components/cmake)
[0.704s] -- Found camera_info_manager: 3.1.12 (/opt/ros/humble/share/camera_info_manager/cmake)
[0.752s] -- Found cv_bridge: 3.2.1 (/opt/ros/humble/share/cv_bridge/cmake)
[0.764s] -- Found image_transport: 3.1.12 (/opt/ros/humble/share/image_transport/cmake)
[0.805s] -- Found ament_lint_auto: 0.12.14 (/opt/ros/humble/share/ament_lint_auto/cmake)
[0.911s] -- Added test 'cppcheck' to perform static code analysis on C / C++ code
[0.911s] -- Configured cppcheck include dirs: $<BUILD_INTERFACE:/home/nguyen/ros2_ws/src/ros2_arctos_HCMUT/src/v4l2_camera/include>
[0.911s] -- Configured cppcheck exclude dirs and/or files: 
[0.918s] -- Added test 'cpplint' to check C / C++ code against the Google style
[0.918s] -- Configured cpplint exclude dirs and/or files: 
[0.920s] -- Added test 'lint_cmake' to check CMake code style
[0.927s] -- Added test 'uncrustify' to check C / C++ code style
[0.927s] -- Configured uncrustify additional arguments: 
[0.928s] -- Added test 'xmllint' to check XML markup files
[0.932s] -- Configuring done
[0.970s] -- Generating done
[0.984s] -- Build files have been written to: /home/nguyen/ros2_ws/src/ros2_arctos_HCMUT/build/v4l2_camera
[0.999s] Invoked command in '/home/nguyen/ros2_ws/src/ros2_arctos_HCMUT/build/v4l2_camera' returned '0': CMAKE_PREFIX_PATH=${CMAKE_PREFIX_PATH}:/home/nguyen/ros2_ws_1/install/gazebo_simulation:/opt/ros/humble /usr/bin/cmake /home/nguyen/ros2_ws/src/ros2_arctos_HCMUT/src/v4l2_camera -DAMENT_CMAKE_SYMLINK_INSTALL=1 -DCMAKE_INSTALL_PREFIX=/home/nguyen/ros2_ws/src/ros2_arctos_HCMUT/install/v4l2_camera
[1.002s] Invoking command in '/home/nguyen/ros2_ws/src/ros2_arctos_HCMUT/build/v4l2_camera': CMAKE_PREFIX_PATH=${CMAKE_PREFIX_PATH}:/home/nguyen/ros2_ws_1/install/gazebo_simulation:/opt/ros/humble /usr/bin/cmake --build /home/nguyen/ros2_ws/src/ros2_arctos_HCMUT/build/v4l2_camera -- -j12 -l12
[1.083s] [35m[1mConsolidate compiler generated dependencies of target v4l2_camera[0m
[1.134s] [ 45%] Built target v4l2_camera
[1.154s] [35m[1mConsolidate compiler generated dependencies of target camera_subscriber_node[0m
[1.154s] [35m[1mConsolidate compiler generated dependencies of target v4l2_camera_node[0m
[1.154s] [35m[1mConsolidate compiler generated dependencies of target v4l2_camera_compose_test[0m
[1.187s] [ 81%] Built target v4l2_camera_node
[1.187s] [ 81%] Built target camera_subscriber_node
[1.189s] [100%] Built target v4l2_camera_compose_test
[1.213s] Invoked command in '/home/nguyen/ros2_ws/src/ros2_arctos_HCMUT/build/v4l2_camera' returned '0': CMAKE_PREFIX_PATH=${CMAKE_PREFIX_PATH}:/home/nguyen/ros2_ws_1/install/gazebo_simulation:/opt/ros/humble /usr/bin/cmake --build /home/nguyen/ros2_ws/src/ros2_arctos_HCMUT/build/v4l2_camera -- -j12 -l12
[1.216s] Invoking command in '/home/nguyen/ros2_ws/src/ros2_arctos_HCMUT/build/v4l2_camera': CMAKE_PREFIX_PATH=${CMAKE_PREFIX_PATH}:/home/nguyen/ros2_ws_1/install/gazebo_simulation:/opt/ros/humble /usr/bin/cmake --install /home/nguyen/ros2_ws/src/ros2_arctos_HCMUT/build/v4l2_camera
[1.229s] -- Install configuration: ""
[1.230s] -- Execute custom install script
[1.230s] -- Symlinking: /home/nguyen/ros2_ws/src/ros2_arctos_HCMUT/install/v4l2_camera/include/v4l2_camera/camera_subscriber.hpp
[1.247s] -- Symlinking: /home/nguyen/ros2_ws/src/ros2_arctos_HCMUT/install/v4l2_camera/include/v4l2_camera/control.hpp
[1.264s] -- Symlinking: /home/nguyen/ros2_ws/src/ros2_arctos_HCMUT/install/v4l2_camera/include/v4l2_camera/fourcc.hpp
[1.281s] -- Symlinking: /home/nguyen/ros2_ws/src/ros2_arctos_HCMUT/install/v4l2_camera/include/v4l2_camera/image_format.hpp
[1.298s] -- Symlinking: /home/nguyen/ros2_ws/src/ros2_arctos_HCMUT/install/v4l2_camera/include/v4l2_camera/parameters.hpp
[1.316s] -- Symlinking: /home/nguyen/ros2_ws/src/ros2_arctos_HCMUT/install/v4l2_camera/include/v4l2_camera/pixel_format.hpp
[1.332s] -- Symlinking: /home/nguyen/ros2_ws/src/ros2_arctos_HCMUT/install/v4l2_camera/include/v4l2_camera/v4l2_camera.hpp
[1.349s] -- Symlinking: /home/nguyen/ros2_ws/src/ros2_arctos_HCMUT/install/v4l2_camera/include/v4l2_camera/v4l2_camera_device.hpp
[1.365s] -- Symlinking: /home/nguyen/ros2_ws/src/ros2_arctos_HCMUT/install/v4l2_camera/include/v4l2_camera/visibility_control.h
[1.382s] -- Symlinking: /home/nguyen/ros2_ws/src/ros2_arctos_HCMUT/install/v4l2_camera/share/v4l2_camera/environment/library_path.sh
[1.398s] -- Symlinking: /home/nguyen/ros2_ws/src/ros2_arctos_HCMUT/install/v4l2_camera/share/v4l2_camera/environment/library_path.dsv
[1.416s] -- Symlinking: /home/nguyen/ros2_ws/src/ros2_arctos_HCMUT/install/v4l2_camera/share/ament_index/resource_index/package_run_dependencies/v4l2_camera
[1.433s] -- Symlinking: /home/nguyen/ros2_ws/src/ros2_arctos_HCMUT/install/v4l2_camera/share/ament_index/resource_index/parent_prefix_path/v4l2_camera
[1.449s] -- Symlinking: /home/nguyen/ros2_ws/src/ros2_arctos_HCMUT/install/v4l2_camera/share/v4l2_camera/environment/ament_prefix_path.sh
[1.466s] -- Symlinking: /home/nguyen/ros2_ws/src/ros2_arctos_HCMUT/install/v4l2_camera/share/v4l2_camera/environment/ament_prefix_path.dsv
[1.482s] -- Symlinking: /home/nguyen/ros2_ws/src/ros2_arctos_HCMUT/install/v4l2_camera/share/v4l2_camera/environment/path.sh
[1.499s] -- Symlinking: /home/nguyen/ros2_ws/src/ros2_arctos_HCMUT/install/v4l2_camera/share/v4l2_camera/environment/path.dsv
[1.518s] -- Symlinking: /home/nguyen/ros2_ws/src/ros2_arctos_HCMUT/install/v4l2_camera/share/v4l2_camera/local_setup.bash
[1.535s] -- Symlinking: /home/nguyen/ros2_ws/src/ros2_arctos_HCMUT/install/v4l2_camera/share/v4l2_camera/local_setup.sh
[1.552s] -- Symlinking: /home/nguyen/ros2_ws/src/ros2_arctos_HCMUT/install/v4l2_camera/share/v4l2_camera/local_setup.zsh
[1.568s] -- Symlinking: /home/nguyen/ros2_ws/src/ros2_arctos_HCMUT/install/v4l2_camera/share/v4l2_camera/local_setup.dsv
[1.585s] -- Symlinking: /home/nguyen/ros2_ws/src/ros2_arctos_HCMUT/install/v4l2_camera/share/v4l2_camera/package.dsv
[1.602s] -- Symlinking: /home/nguyen/ros2_ws/src/ros2_arctos_HCMUT/install/v4l2_camera/share/ament_index/resource_index/packages/v4l2_camera
[1.620s] -- Symlinking: /home/nguyen/ros2_ws/src/ros2_arctos_HCMUT/install/v4l2_camera/share/ament_index/resource_index/rclcpp_components/v4l2_camera
[1.638s] -- Symlinking: /home/nguyen/ros2_ws/src/ros2_arctos_HCMUT/install/v4l2_camera/share/v4l2_camera/cmake/ament_cmake_export_include_directories-extras.cmake
[1.655s] -- Symlinking: /home/nguyen/ros2_ws/src/ros2_arctos_HCMUT/install/v4l2_camera/share/v4l2_camera/cmake/ament_cmake_export_targets-extras.cmake
[1.673s] -- Symlinking: /home/nguyen/ros2_ws/src/ros2_arctos_HCMUT/install/v4l2_camera/share/v4l2_camera/cmake/ament_cmake_export_libraries-extras.cmake
[1.690s] -- Symlinking: /home/nguyen/ros2_ws/src/ros2_arctos_HCMUT/install/v4l2_camera/share/v4l2_camera/cmake/ament_cmake_export_dependencies-extras.cmake
[1.708s] -- Symlinking: /home/nguyen/ros2_ws/src/ros2_arctos_HCMUT/install/v4l2_camera/share/v4l2_camera/cmake/v4l2_cameraConfig.cmake
[1.725s] -- Symlinking: /home/nguyen/ros2_ws/src/ros2_arctos_HCMUT/install/v4l2_camera/share/v4l2_camera/cmake/v4l2_cameraConfig-version.cmake
[1.743s] -- Symlinking: /home/nguyen/ros2_ws/src/ros2_arctos_HCMUT/install/v4l2_camera/share/v4l2_camera/package.xml
[1.762s] -- Up-to-date: /home/nguyen/ros2_ws/src/ros2_arctos_HCMUT/install/v4l2_camera/lib/libv4l2_camera.so
[1.763s] -- Up-to-date: /home/nguyen/ros2_ws/src/ros2_arctos_HCMUT/install/v4l2_camera/lib/v4l2_camera/v4l2_camera_node
[1.763s] -- Up-to-date: /home/nguyen/ros2_ws/src/ros2_arctos_HCMUT/install/v4l2_camera/lib/v4l2_camera/v4l2_camera_compose_test
[1.764s] -- Up-to-date: /home/nguyen/ros2_ws/src/ros2_arctos_HCMUT/install/v4l2_camera/lib/v4l2_camera/camera_subscriber_node
[1.764s] -- Up-to-date: /home/nguyen/ros2_ws/src/ros2_arctos_HCMUT/install/v4l2_camera/share/v4l2_camera/cmake/export_v4l2_cameraExport.cmake
[1.765s] -- Up-to-date: /home/nguyen/ros2_ws/src/ros2_arctos_HCMUT/install/v4l2_camera/share/v4l2_camera/cmake/export_v4l2_cameraExport-noconfig.cmake
[1.769s] Invoked command in '/home/nguyen/ros2_ws/src/ros2_arctos_HCMUT/build/v4l2_camera' returned '0': CMAKE_PREFIX_PATH=${CMAKE_PREFIX_PATH}:/home/nguyen/ros2_ws_1/install/gazebo_simulation:/opt/ros/humble /usr/bin/cmake --install /home/nguyen/ros2_ws/src/ros2_arctos_HCMUT/build/v4l2_camera
