-- Found ament_cmake: 1.3.12 (/opt/ros/humble/share/ament_cmake/cmake)
-- Override CMake install command with custom implementation using symlinks instead of copying resources
-- Found rclcpp: 16.0.17 (/opt/ros/humble/share/rclcpp/cmake)
-- Found rosidl_generator_c: 3.1.8 (/opt/ros/humble/share/rosidl_generator_c/cmake)
-- Found rosidl_adapter: 3.1.8 (/opt/ros/humble/share/rosidl_adapter/cmake)
-- Found rosidl_generator_cpp: 3.1.8 (/opt/ros/humble/share/rosidl_generator_cpp/cmake)
-- Using all available rosidl_typesupport_c: rosidl_typesupport_fastrtps_c;rosidl_typesupport_introspection_c
-- Using all available rosidl_typesupport_cpp: rosidl_typesupport_fastrtps_cpp;rosidl_typesupport_introspection_cpp
-- Found rmw_implementation_cmake: 6.1.2 (/opt/ros/humble/share/rmw_implementation_cmake/cmake)
-- Found rmw_fastrtps_cpp: 6.2.9 (/opt/ros/humble/share/rmw_fastrtps_cpp/cmake)
-- Using RMW implementation 'rmw_fastrtps_cpp' as default
-- Found can_msgs: 2.0.0 (/opt/ros/humble/share/can_msgs/cmake)
-- Found sensor_msgs: 4.9.0 (/opt/ros/humble/share/sensor_msgs/cmake)
-- Found serial: 1.2.1 (/home/nguyen/ros2_ws/src/ros2_arctos_HCMUT/install/serial/share/serial/cmake)
-- Configuring done
-- Generating done
-- Build files have been written to: /home/nguyen/ros2_ws/src/ros2_arctos_HCMUT/build/arctos_motor_driver
[35m[1mConsolidate compiler generated dependencies of target uart_protocol[0m
[35m[1mConsolidate compiler generated dependencies of target can_protocol[0m
[ 33%] Built target uart_protocol
[ 66%] Built target can_protocol
[35m[1mConsolidate compiler generated dependencies of target arctos_motor_driver[0m
[100%] Built target arctos_motor_driver
-- Install configuration: ""
-- Execute custom install script
-- Up-to-date symlink: /home/nguyen/ros2_ws/src/ros2_arctos_HCMUT/install/arctos_motor_driver/include/arctos_motor_driver/can_protocol.hpp
-- Up-to-date symlink: /home/nguyen/ros2_ws/src/ros2_arctos_HCMUT/install/arctos_motor_driver/include/arctos_motor_driver/motor_driver.hpp
-- Up-to-date symlink: /home/nguyen/ros2_ws/src/ros2_arctos_HCMUT/install/arctos_motor_driver/include/arctos_motor_driver/motor_types.hpp
-- Up-to-date symlink: /home/nguyen/ros2_ws/src/ros2_arctos_HCMUT/install/arctos_motor_driver/include/arctos_motor_driver/uart_protocol.hpp
-- Up-to-date symlink: /home/nguyen/ros2_ws/src/ros2_arctos_HCMUT/install/arctos_motor_driver/share/arctos_motor_driver/environment/library_path.sh
-- Up-to-date symlink: /home/nguyen/ros2_ws/src/ros2_arctos_HCMUT/install/arctos_motor_driver/share/arctos_motor_driver/environment/library_path.dsv
-- Up-to-date symlink: /home/nguyen/ros2_ws/src/ros2_arctos_HCMUT/install/arctos_motor_driver/share/ament_index/resource_index/package_run_dependencies/arctos_motor_driver
-- Up-to-date symlink: /home/nguyen/ros2_ws/src/ros2_arctos_HCMUT/install/arctos_motor_driver/share/ament_index/resource_index/parent_prefix_path/arctos_motor_driver
-- Up-to-date symlink: /home/nguyen/ros2_ws/src/ros2_arctos_HCMUT/install/arctos_motor_driver/share/arctos_motor_driver/environment/ament_prefix_path.sh
-- Up-to-date symlink: /home/nguyen/ros2_ws/src/ros2_arctos_HCMUT/install/arctos_motor_driver/share/arctos_motor_driver/environment/ament_prefix_path.dsv
-- Up-to-date symlink: /home/nguyen/ros2_ws/src/ros2_arctos_HCMUT/install/arctos_motor_driver/share/arctos_motor_driver/environment/path.sh
-- Up-to-date symlink: /home/nguyen/ros2_ws/src/ros2_arctos_HCMUT/install/arctos_motor_driver/share/arctos_motor_driver/environment/path.dsv
-- Up-to-date symlink: /home/nguyen/ros2_ws/src/ros2_arctos_HCMUT/install/arctos_motor_driver/share/arctos_motor_driver/local_setup.bash
-- Up-to-date symlink: /home/nguyen/ros2_ws/src/ros2_arctos_HCMUT/install/arctos_motor_driver/share/arctos_motor_driver/local_setup.sh
-- Up-to-date symlink: /home/nguyen/ros2_ws/src/ros2_arctos_HCMUT/install/arctos_motor_driver/share/arctos_motor_driver/local_setup.zsh
-- Up-to-date symlink: /home/nguyen/ros2_ws/src/ros2_arctos_HCMUT/install/arctos_motor_driver/share/arctos_motor_driver/local_setup.dsv
-- Symlinking: /home/nguyen/ros2_ws/src/ros2_arctos_HCMUT/install/arctos_motor_driver/share/arctos_motor_driver/package.dsv
-- Up-to-date symlink: /home/nguyen/ros2_ws/src/ros2_arctos_HCMUT/install/arctos_motor_driver/share/ament_index/resource_index/packages/arctos_motor_driver
-- Up-to-date symlink: /home/nguyen/ros2_ws/src/ros2_arctos_HCMUT/install/arctos_motor_driver/share/arctos_motor_driver/cmake/ament_cmake_export_targets-extras.cmake
-- Up-to-date symlink: /home/nguyen/ros2_ws/src/ros2_arctos_HCMUT/install/arctos_motor_driver/share/arctos_motor_driver/cmake/ament_cmake_export_dependencies-extras.cmake
-- Up-to-date symlink: /home/nguyen/ros2_ws/src/ros2_arctos_HCMUT/install/arctos_motor_driver/share/arctos_motor_driver/cmake/arctos_motor_driverConfig.cmake
-- Up-to-date symlink: /home/nguyen/ros2_ws/src/ros2_arctos_HCMUT/install/arctos_motor_driver/share/arctos_motor_driver/cmake/arctos_motor_driverConfig-version.cmake
-- Up-to-date symlink: /home/nguyen/ros2_ws/src/ros2_arctos_HCMUT/install/arctos_motor_driver/share/arctos_motor_driver/package.xml
-- Up-to-date: /home/nguyen/ros2_ws/src/ros2_arctos_HCMUT/install/arctos_motor_driver/lib/libcan_protocol.so
-- Up-to-date: /home/nguyen/ros2_ws/src/ros2_arctos_HCMUT/install/arctos_motor_driver/lib/libuart_protocol.so
-- Up-to-date: /home/nguyen/ros2_ws/src/ros2_arctos_HCMUT/install/arctos_motor_driver/lib/libarctos_motor_driver.so
-- Up-to-date: /home/nguyen/ros2_ws/src/ros2_arctos_HCMUT/install/arctos_motor_driver/share/arctos_motor_driver/cmake/export_arctos_motor_driverExport.cmake
-- Up-to-date: /home/nguyen/ros2_ws/src/ros2_arctos_HCMUT/install/arctos_motor_driver/share/arctos_motor_driver/cmake/export_arctos_motor_driverExport-noconfig.cmake
