[0.032s] Invoking command in '/home/nguyen/ros2_ws/src/ros2_arctos_HCMUT/build/v4l2_camera': CMAKE_PREFIX_PATH=${CMAKE_PREFIX_PATH}:/home/nguyen/ros2_ws_1/install/gazebo_simulation:/opt/ros/humble /usr/bin/cmake --build /home/nguyen/ros2_ws/src/ros2_arctos_HCMUT/build/v4l2_camera -- -j12 -l12
[0.076s] -- Found ament_cmake: 1.3.12 (/opt/ros/humble/share/ament_cmake/cmake)
[0.285s] -- Found ament_cmake_ros: 0.10.0 (/opt/ros/humble/share/ament_cmake_ros/cmake)
[0.290s] -- Found rclcpp: 16.0.17 (/opt/ros/humble/share/rclcpp/cmake)
[0.334s] -- Found rosidl_generator_c: 3.1.8 (/opt/ros/humble/share/rosidl_generator_c/cmake)
[0.338s] -- Found rosidl_adapter: 3.1.8 (/opt/ros/humble/share/rosidl_adapter/cmake)
[0.347s] -- Found rosidl_generator_cpp: 3.1.8 (/opt/ros/humble/share/rosidl_generator_cpp/cmake)
[0.361s] -- Using all available rosidl_typesupport_c: rosidl_typesupport_fastrtps_c;rosidl_typesupport_introspection_c
[0.385s] -- Using all available rosidl_typesupport_cpp: rosidl_typesupport_fastrtps_cpp;rosidl_typesupport_introspection_cpp
[0.435s] -- Found rmw_implementation_cmake: 6.1.2 (/opt/ros/humble/share/rmw_implementation_cmake/cmake)
[0.437s] -- Found rmw_fastrtps_cpp: 6.2.9 (/opt/ros/humble/share/rmw_fastrtps_cpp/cmake)
[0.629s] -- Using RMW implementation 'rmw_fastrtps_cpp' as default
[0.694s] -- Found rclcpp_components: 16.0.17 (/opt/ros/humble/share/rclcpp_components/cmake)
[0.721s] -- Found camera_info_manager: 3.1.12 (/opt/ros/humble/share/camera_info_manager/cmake)
[0.769s] -- Found cv_bridge: 3.2.1 (/opt/ros/humble/share/cv_bridge/cmake)
[0.781s] -- Found image_transport: 3.1.12 (/opt/ros/humble/share/image_transport/cmake)
[0.824s] -- Found ament_lint_auto: 0.12.14 (/opt/ros/humble/share/ament_lint_auto/cmake)
[0.957s] -- Added test 'cppcheck' to perform static code analysis on C / C++ code
[0.957s] -- Configured cppcheck include dirs: $<BUILD_INTERFACE:/home/nguyen/ros2_ws/src/ros2_arctos_HCMUT/src/v4l2_camera/include>
[0.957s] -- Configured cppcheck exclude dirs and/or files: 
[0.963s] -- Added test 'cpplint' to check C / C++ code against the Google style
[0.963s] -- Configured cpplint exclude dirs and/or files: 
[0.966s] -- Added test 'lint_cmake' to check CMake code style
[0.973s] -- Added test 'uncrustify' to check C / C++ code style
[0.973s] -- Configured uncrustify additional arguments: 
[0.974s] -- Added test 'xmllint' to check XML markup files
[0.979s] -- Configuring done
[1.024s] -- Generating done
[1.041s] -- Build files have been written to: /home/nguyen/ros2_ws/src/ros2_arctos_HCMUT/build/v4l2_camera
[1.103s] [35m[1mConsolidate compiler generated dependencies of target v4l2_camera[0m
[1.148s] [  9%] [32mBuilding CXX object CMakeFiles/v4l2_camera.dir/src/camera_subscriber.cpp.o[0m
[10.356s] [ 18%] [32m[1mLinking CXX shared library libv4l2_camera.so[0m
[11.290s] [ 45%] Built target v4l2_camera
[11.305s] [35m[1mConsolidate compiler generated dependencies of target v4l2_camera_node[0m
[11.305s] [35m[1mConsolidate compiler generated dependencies of target v4l2_camera_compose_test[0m
[11.317s] [ 54%] [32mBuilding CXX object CMakeFiles/camera_subscriber_node.dir/src/camera_subscriber_node.cpp.o[0m
[11.326s] [ 63%] [32m[1mLinking CXX executable v4l2_camera_node[0m
[11.327s] [ 72%] [32m[1mLinking CXX executable v4l2_camera_compose_test[0m
[12.067s] [ 81%] Built target v4l2_camera_node
[12.345s] [ 90%] Built target v4l2_camera_compose_test
[13.984s] [100%] [32m[1mLinking CXX executable camera_subscriber_node[0m
[14.633s] [100%] Built target camera_subscriber_node
[14.649s] Invoked command in '/home/nguyen/ros2_ws/src/ros2_arctos_HCMUT/build/v4l2_camera' returned '0': CMAKE_PREFIX_PATH=${CMAKE_PREFIX_PATH}:/home/nguyen/ros2_ws_1/install/gazebo_simulation:/opt/ros/humble /usr/bin/cmake --build /home/nguyen/ros2_ws/src/ros2_arctos_HCMUT/build/v4l2_camera -- -j12 -l12
[14.652s] Invoking command in '/home/nguyen/ros2_ws/src/ros2_arctos_HCMUT/build/v4l2_camera': CMAKE_PREFIX_PATH=${CMAKE_PREFIX_PATH}:/home/nguyen/ros2_ws_1/install/gazebo_simulation:/opt/ros/humble /usr/bin/cmake --install /home/nguyen/ros2_ws/src/ros2_arctos_HCMUT/build/v4l2_camera
[14.660s] -- Install configuration: ""
[14.660s] -- Up-to-date: /home/nguyen/ros2_ws/src/ros2_arctos_HCMUT/install/v4l2_camera/include
[14.661s] -- Up-to-date: /home/nguyen/ros2_ws/src/ros2_arctos_HCMUT/install/v4l2_camera/include/v4l2_camera
[14.661s] -- Installing: /home/nguyen/ros2_ws/src/ros2_arctos_HCMUT/install/v4l2_camera/include/v4l2_camera/camera_subscriber.hpp
[14.661s] -- Up-to-date: /home/nguyen/ros2_ws/src/ros2_arctos_HCMUT/install/v4l2_camera/include/v4l2_camera/v4l2_camera_device.hpp
[14.661s] -- Up-to-date: /home/nguyen/ros2_ws/src/ros2_arctos_HCMUT/install/v4l2_camera/include/v4l2_camera/fourcc.hpp
[14.661s] -- Up-to-date: /home/nguyen/ros2_ws/src/ros2_arctos_HCMUT/install/v4l2_camera/include/v4l2_camera/pixel_format.hpp
[14.662s] -- Up-to-date: /home/nguyen/ros2_ws/src/ros2_arctos_HCMUT/install/v4l2_camera/include/v4l2_camera/parameters.hpp
[14.662s] -- Up-to-date: /home/nguyen/ros2_ws/src/ros2_arctos_HCMUT/install/v4l2_camera/include/v4l2_camera/v4l2_camera.hpp
[14.662s] -- Up-to-date: /home/nguyen/ros2_ws/src/ros2_arctos_HCMUT/install/v4l2_camera/include/v4l2_camera/control.hpp
[14.662s] -- Up-to-date: /home/nguyen/ros2_ws/src/ros2_arctos_HCMUT/install/v4l2_camera/include/v4l2_camera/image_format.hpp
[14.662s] -- Up-to-date: /home/nguyen/ros2_ws/src/ros2_arctos_HCMUT/install/v4l2_camera/include/v4l2_camera/visibility_control.h
[14.662s] -- Installing: /home/nguyen/ros2_ws/src/ros2_arctos_HCMUT/install/v4l2_camera/lib/libv4l2_camera.so
[14.681s] -- Set runtime path of "/home/nguyen/ros2_ws/src/ros2_arctos_HCMUT/install/v4l2_camera/lib/libv4l2_camera.so" to ""
[14.681s] -- Installing: /home/nguyen/ros2_ws/src/ros2_arctos_HCMUT/install/v4l2_camera/lib/v4l2_camera/v4l2_camera_node
[14.682s] -- Set runtime path of "/home/nguyen/ros2_ws/src/ros2_arctos_HCMUT/install/v4l2_camera/lib/v4l2_camera/v4l2_camera_node" to ""
[14.682s] -- Installing: /home/nguyen/ros2_ws/src/ros2_arctos_HCMUT/install/v4l2_camera/lib/v4l2_camera/v4l2_camera_compose_test
[14.691s] -- Set runtime path of "/home/nguyen/ros2_ws/src/ros2_arctos_HCMUT/install/v4l2_camera/lib/v4l2_camera/v4l2_camera_compose_test" to ""
[14.691s] -- Installing: /home/nguyen/ros2_ws/src/ros2_arctos_HCMUT/install/v4l2_camera/lib/v4l2_camera/camera_subscriber_node
[14.692s] -- Set runtime path of "/home/nguyen/ros2_ws/src/ros2_arctos_HCMUT/install/v4l2_camera/lib/v4l2_camera/camera_subscriber_node" to ""
[14.692s] -- Up-to-date: /home/nguyen/ros2_ws/src/ros2_arctos_HCMUT/install/v4l2_camera/share/v4l2_camera/environment/library_path.sh
[14.692s] -- Installing: /home/nguyen/ros2_ws/src/ros2_arctos_HCMUT/install/v4l2_camera/share/v4l2_camera/environment/library_path.dsv
[14.692s] -- Up-to-date: /home/nguyen/ros2_ws/src/ros2_arctos_HCMUT/install/v4l2_camera/share/ament_index/resource_index/package_run_dependencies/v4l2_camera
[14.692s] -- Installing: /home/nguyen/ros2_ws/src/ros2_arctos_HCMUT/install/v4l2_camera/share/ament_index/resource_index/parent_prefix_path/v4l2_camera
[14.693s] -- Up-to-date: /home/nguyen/ros2_ws/src/ros2_arctos_HCMUT/install/v4l2_camera/share/v4l2_camera/environment/ament_prefix_path.sh
[14.693s] -- Installing: /home/nguyen/ros2_ws/src/ros2_arctos_HCMUT/install/v4l2_camera/share/v4l2_camera/environment/ament_prefix_path.dsv
[14.693s] -- Up-to-date: /home/nguyen/ros2_ws/src/ros2_arctos_HCMUT/install/v4l2_camera/share/v4l2_camera/environment/path.sh
[14.693s] -- Installing: /home/nguyen/ros2_ws/src/ros2_arctos_HCMUT/install/v4l2_camera/share/v4l2_camera/environment/path.dsv
[14.693s] -- Up-to-date: /home/nguyen/ros2_ws/src/ros2_arctos_HCMUT/install/v4l2_camera/share/v4l2_camera/local_setup.bash
[14.693s] -- Up-to-date: /home/nguyen/ros2_ws/src/ros2_arctos_HCMUT/install/v4l2_camera/share/v4l2_camera/local_setup.sh
[14.693s] -- Up-to-date: /home/nguyen/ros2_ws/src/ros2_arctos_HCMUT/install/v4l2_camera/share/v4l2_camera/local_setup.zsh
[14.693s] -- Installing: /home/nguyen/ros2_ws/src/ros2_arctos_HCMUT/install/v4l2_camera/share/v4l2_camera/local_setup.dsv
[14.693s] -- Installing: /home/nguyen/ros2_ws/src/ros2_arctos_HCMUT/install/v4l2_camera/share/v4l2_camera/package.dsv
[14.693s] -- Up-to-date: /home/nguyen/ros2_ws/src/ros2_arctos_HCMUT/install/v4l2_camera/share/ament_index/resource_index/packages/v4l2_camera
[14.693s] -- Up-to-date: /home/nguyen/ros2_ws/src/ros2_arctos_HCMUT/install/v4l2_camera/share/ament_index/resource_index/rclcpp_components/v4l2_camera
[14.693s] -- Old export file "/home/nguyen/ros2_ws/src/ros2_arctos_HCMUT/install/v4l2_camera/share/v4l2_camera/cmake/export_v4l2_cameraExport.cmake" will be replaced.  Removing files [/home/nguyen/ros2_ws/src/ros2_arctos_HCMUT/install/v4l2_camera/share/v4l2_camera/cmake/export_v4l2_cameraExport-noconfig.cmake].
[14.693s] -- Installing: /home/nguyen/ros2_ws/src/ros2_arctos_HCMUT/install/v4l2_camera/share/v4l2_camera/cmake/export_v4l2_cameraExport.cmake
[14.694s] -- Installing: /home/nguyen/ros2_ws/src/ros2_arctos_HCMUT/install/v4l2_camera/share/v4l2_camera/cmake/export_v4l2_cameraExport-noconfig.cmake
[14.694s] -- Up-to-date: /home/nguyen/ros2_ws/src/ros2_arctos_HCMUT/install/v4l2_camera/share/v4l2_camera/cmake/ament_cmake_export_include_directories-extras.cmake
[14.694s] -- Up-to-date: /home/nguyen/ros2_ws/src/ros2_arctos_HCMUT/install/v4l2_camera/share/v4l2_camera/cmake/ament_cmake_export_targets-extras.cmake
[14.694s] -- Up-to-date: /home/nguyen/ros2_ws/src/ros2_arctos_HCMUT/install/v4l2_camera/share/v4l2_camera/cmake/ament_cmake_export_libraries-extras.cmake
[14.694s] -- Up-to-date: /home/nguyen/ros2_ws/src/ros2_arctos_HCMUT/install/v4l2_camera/share/v4l2_camera/cmake/ament_cmake_export_dependencies-extras.cmake
[14.694s] -- Up-to-date: /home/nguyen/ros2_ws/src/ros2_arctos_HCMUT/install/v4l2_camera/share/v4l2_camera/cmake/v4l2_cameraConfig.cmake
[14.694s] -- Up-to-date: /home/nguyen/ros2_ws/src/ros2_arctos_HCMUT/install/v4l2_camera/share/v4l2_camera/cmake/v4l2_cameraConfig-version.cmake
[14.694s] -- Up-to-date: /home/nguyen/ros2_ws/src/ros2_arctos_HCMUT/install/v4l2_camera/share/v4l2_camera/package.xml
[14.696s] Invoked command in '/home/nguyen/ros2_ws/src/ros2_arctos_HCMUT/build/v4l2_camera' returned '0': CMAKE_PREFIX_PATH=${CMAKE_PREFIX_PATH}:/home/nguyen/ros2_ws_1/install/gazebo_simulation:/opt/ros/humble /usr/bin/cmake --install /home/nguyen/ros2_ws/src/ros2_arctos_HCMUT/build/v4l2_camera
