[0.012s] Invoking command in '/home/nguyen/ros2_ws/src/ros2_arctos_HCMUT/build/arctos_description': CMAKE_PREFIX_PATH=/opt/ros/humble /usr/bin/cmake --build /home/nguyen/ros2_ws/src/ros2_arctos_HCMUT/build/arctos_description -- -j12 -l12
[0.054s] Invoked command in '/home/nguyen/ros2_ws/src/ros2_arctos_HCMUT/build/arctos_description' returned '0': CMAKE_PREFIX_PATH=/opt/ros/humble /usr/bin/cmake --build /home/nguyen/ros2_ws/src/ros2_arctos_HCMUT/build/arctos_description -- -j12 -l12
[0.065s] Invoking command in '/home/nguyen/ros2_ws/src/ros2_arctos_HCMUT/build/arctos_description': CMAKE_PREFIX_PATH=/opt/ros/humble /usr/bin/cmake --install /home/nguyen/ros2_ws/src/ros2_arctos_HCMUT/build/arctos_description
[0.072s] -- Install configuration: ""
[0.073s] -- Execute custom install script
[0.073s] -- Up-to-date symlink: /home/nguyen/ros2_ws/src/ros2_arctos_HCMUT/install/arctos_description/share/arctos_description/urdf/arctos.urdf
[0.073s] -- Up-to-date symlink: /home/nguyen/ros2_ws/src/ros2_arctos_HCMUT/install/arctos_description/share/arctos_description/urdf/arctos.xacro
[0.074s] -- Up-to-date symlink: /home/nguyen/ros2_ws/src/ros2_arctos_HCMUT/install/arctos_description/share/arctos_description/urdf/arctos_gripper.xacro
[0.074s] -- Up-to-date symlink: /home/nguyen/ros2_ws/src/ros2_arctos_HCMUT/install/arctos_description/share/arctos_description/urdf/common/joint_link.xacro
[0.074s] -- Up-to-date symlink: /home/nguyen/ros2_ws/src/ros2_arctos_HCMUT/install/arctos_description/share/arctos_description/urdf/common/materials.xacro
[0.074s] -- Up-to-date symlink: /home/nguyen/ros2_ws/src/ros2_arctos_HCMUT/install/arctos_description/share/arctos_description/urdf/test_single_motor.urdf.xacro
[0.074s] -- Up-to-date symlink: /home/nguyen/ros2_ws/src/ros2_arctos_HCMUT/install/arctos_description/share/arctos_description/meshes/base_link.STL
[0.074s] -- Up-to-date symlink: /home/nguyen/ros2_ws/src/ros2_arctos_HCMUT/install/arctos_description/share/arctos_description/meshes/link_1.STL
[0.075s] -- Up-to-date symlink: /home/nguyen/ros2_ws/src/ros2_arctos_HCMUT/install/arctos_description/share/arctos_description/meshes/link_2.STL
[0.075s] -- Up-to-date symlink: /home/nguyen/ros2_ws/src/ros2_arctos_HCMUT/install/arctos_description/share/arctos_description/meshes/link_3.STL
[0.075s] -- Up-to-date symlink: /home/nguyen/ros2_ws/src/ros2_arctos_HCMUT/install/arctos_description/share/arctos_description/meshes/link_4.STL
[0.075s] -- Up-to-date symlink: /home/nguyen/ros2_ws/src/ros2_arctos_HCMUT/install/arctos_description/share/arctos_description/meshes/link_5.STL
[0.075s] -- Up-to-date symlink: /home/nguyen/ros2_ws/src/ros2_arctos_HCMUT/install/arctos_description/share/arctos_description/meshes/link_6.STL
[0.075s] -- Up-to-date symlink: /home/nguyen/ros2_ws/src/ros2_arctos_HCMUT/install/arctos_description/share/arctos_description/rviz/arctos.rviz
[0.076s] -- Up-to-date symlink: /home/nguyen/ros2_ws/src/ros2_arctos_HCMUT/install/arctos_description/share/arctos_description/launch/test_single_motor.launch.py
[0.076s] -- Up-to-date symlink: /home/nguyen/ros2_ws/src/ros2_arctos_HCMUT/install/arctos_description/share/arctos_description/launch/view_robot.launch.py
[0.076s] -- Up-to-date symlink: /home/nguyen/ros2_ws/src/ros2_arctos_HCMUT/install/arctos_description/share/ament_index/resource_index/package_run_dependencies/arctos_description
[0.076s] -- Up-to-date symlink: /home/nguyen/ros2_ws/src/ros2_arctos_HCMUT/install/arctos_description/share/ament_index/resource_index/parent_prefix_path/arctos_description
[0.076s] -- Up-to-date symlink: /home/nguyen/ros2_ws/src/ros2_arctos_HCMUT/install/arctos_description/share/arctos_description/environment/ament_prefix_path.sh
[0.077s] -- Up-to-date symlink: /home/nguyen/ros2_ws/src/ros2_arctos_HCMUT/install/arctos_description/share/arctos_description/environment/ament_prefix_path.dsv
[0.077s] -- Up-to-date symlink: /home/nguyen/ros2_ws/src/ros2_arctos_HCMUT/install/arctos_description/share/arctos_description/environment/path.sh
[0.077s] -- Up-to-date symlink: /home/nguyen/ros2_ws/src/ros2_arctos_HCMUT/install/arctos_description/share/arctos_description/environment/path.dsv
[0.077s] -- Up-to-date symlink: /home/nguyen/ros2_ws/src/ros2_arctos_HCMUT/install/arctos_description/share/arctos_description/local_setup.bash
[0.078s] -- Up-to-date symlink: /home/nguyen/ros2_ws/src/ros2_arctos_HCMUT/install/arctos_description/share/arctos_description/local_setup.sh
[0.078s] -- Up-to-date symlink: /home/nguyen/ros2_ws/src/ros2_arctos_HCMUT/install/arctos_description/share/arctos_description/local_setup.zsh
[0.079s] -- Up-to-date symlink: /home/nguyen/ros2_ws/src/ros2_arctos_HCMUT/install/arctos_description/share/arctos_description/local_setup.dsv
[0.079s] -- Symlinking: /home/nguyen/ros2_ws/src/ros2_arctos_HCMUT/install/arctos_description/share/arctos_description/package.dsv
[0.090s] -- Up-to-date symlink: /home/nguyen/ros2_ws/src/ros2_arctos_HCMUT/install/arctos_description/share/ament_index/resource_index/packages/arctos_description
[0.091s] -- Up-to-date symlink: /home/nguyen/ros2_ws/src/ros2_arctos_HCMUT/install/arctos_description/share/arctos_description/cmake/arctos_descriptionConfig.cmake
[0.091s] -- Up-to-date symlink: /home/nguyen/ros2_ws/src/ros2_arctos_HCMUT/install/arctos_description/share/arctos_description/cmake/arctos_descriptionConfig-version.cmake
[0.091s] -- Up-to-date symlink: /home/nguyen/ros2_ws/src/ros2_arctos_HCMUT/install/arctos_description/share/arctos_description/package.xml
[0.093s] Invoked command in '/home/nguyen/ros2_ws/src/ros2_arctos_HCMUT/build/arctos_description' returned '0': CMAKE_PREFIX_PATH=/opt/ros/humble /usr/bin/cmake --install /home/nguyen/ros2_ws/src/ros2_arctos_HCMUT/build/arctos_description
