-- The C compiler identification is GNU 11.4.0
-- The CXX compiler identification is GNU 11.4.0
-- Detecting C compiler ABI info
-- Detecting C compiler ABI info - done
-- Check for working C compiler: /usr/bin/cc - skipped
-- Detecting C compile features
-- Detecting C compile features - done
-- Detecting CXX compiler ABI info
-- Detecting CXX compiler ABI info - done
-- Check for working CXX compiler: /usr/bin/c++ - skipped
-- Detecting CXX compile features
-- Detecting CXX compile features - done
-- Found ament_cmake: 1.3.12 (/opt/ros/humble/share/ament_cmake/cmake)
-- Found Python3: /usr/bin/python3 (found version "3.10.12") found components: Interpreter 
-- Override CMake install command with custom implementation using symlinks instead of copying resources
-- Looking for pthread.h
-- Looking for pthread.h - found
-- Performing Test CMAKE_HAVE_LIBC_PTHREAD
-- Performing Test CMAKE_HAVE_LIBC_PTHREAD - Success
-- Found Threads: TRUE  
-- Found rclcpp: 16.0.17 (/opt/ros/humble/share/rclcpp/cmake)
-- Found rosidl_generator_c: 3.1.8 (/opt/ros/humble/share/rosidl_generator_c/cmake)
-- Found rosidl_adapter: 3.1.8 (/opt/ros/humble/share/rosidl_adapter/cmake)
-- Found rosidl_generator_cpp: 3.1.8 (/opt/ros/humble/share/rosidl_generator_cpp/cmake)
-- Using all available rosidl_typesupport_c: rosidl_typesupport_fastrtps_c;rosidl_typesupport_introspection_c
-- Using all available rosidl_typesupport_cpp: rosidl_typesupport_fastrtps_cpp;rosidl_typesupport_introspection_cpp
-- Found rmw_implementation_cmake: 6.1.2 (/opt/ros/humble/share/rmw_implementation_cmake/cmake)
-- Found rmw_fastrtps_cpp: 6.2.9 (/opt/ros/humble/share/rmw_fastrtps_cpp/cmake)
-- Found OpenSSL: /usr/lib/x86_64-linux-gnu/libcrypto.so (found version "3.0.2")  
-- Found FastRTPS: /opt/ros/humble/include  
-- Using RMW implementation 'rmw_fastrtps_cpp' as default
-- Found can_msgs: 2.0.0 (/opt/ros/humble/share/can_msgs/cmake)
-- Found sensor_msgs: 4.9.0 (/opt/ros/humble/share/sensor_msgs/cmake)
-- Found serial: 1.2.1 (/home/nguyen/ros2_ws/src/ros2_arctos_HCMUT/install/serial/share/serial/cmake)
-- Configuring done
-- Generating done
-- Build files have been written to: /home/nguyen/ros2_ws/src/ros2_arctos_HCMUT/build/arctos_motor_driver
[ 16%] [32mBuilding CXX object CMakeFiles/uart_protocol.dir/src/uart_protocol.cpp.o[0m
[ 33%] [32mBuilding CXX object CMakeFiles/can_protocol.dir/src/can_protocol.cpp.o[0m
[ 50%] [32m[1mLinking CXX shared library libuart_protocol.so[0m
[ 50%] Built target uart_protocol
[ 66%] [32m[1mLinking CXX shared library libcan_protocol.so[0m
[ 66%] Built target can_protocol
[ 83%] [32mBuilding CXX object CMakeFiles/arctos_motor_driver.dir/src/motor_driver.cpp.o[0m
[100%] [32m[1mLinking CXX shared library libarctos_motor_driver.so[0m
[100%] Built target arctos_motor_driver
-- Install configuration: ""
-- Execute custom install script
-- Symlinking: /home/nguyen/ros2_ws/src/ros2_arctos_HCMUT/install/arctos_motor_driver/include/arctos_motor_driver/can_protocol.hpp
-- Symlinking: /home/nguyen/ros2_ws/src/ros2_arctos_HCMUT/install/arctos_motor_driver/include/arctos_motor_driver/motor_driver.hpp
-- Symlinking: /home/nguyen/ros2_ws/src/ros2_arctos_HCMUT/install/arctos_motor_driver/include/arctos_motor_driver/motor_types.hpp
-- Symlinking: /home/nguyen/ros2_ws/src/ros2_arctos_HCMUT/install/arctos_motor_driver/include/arctos_motor_driver/uart_protocol.hpp
-- Symlinking: /home/nguyen/ros2_ws/src/ros2_arctos_HCMUT/install/arctos_motor_driver/share/arctos_motor_driver/environment/library_path.sh
-- Symlinking: /home/nguyen/ros2_ws/src/ros2_arctos_HCMUT/install/arctos_motor_driver/share/arctos_motor_driver/environment/library_path.dsv
-- Symlinking: /home/nguyen/ros2_ws/src/ros2_arctos_HCMUT/install/arctos_motor_driver/share/ament_index/resource_index/package_run_dependencies/arctos_motor_driver
-- Symlinking: /home/nguyen/ros2_ws/src/ros2_arctos_HCMUT/install/arctos_motor_driver/share/ament_index/resource_index/parent_prefix_path/arctos_motor_driver
-- Symlinking: /home/nguyen/ros2_ws/src/ros2_arctos_HCMUT/install/arctos_motor_driver/share/arctos_motor_driver/environment/ament_prefix_path.sh
-- Symlinking: /home/nguyen/ros2_ws/src/ros2_arctos_HCMUT/install/arctos_motor_driver/share/arctos_motor_driver/environment/ament_prefix_path.dsv
-- Symlinking: /home/nguyen/ros2_ws/src/ros2_arctos_HCMUT/install/arctos_motor_driver/share/arctos_motor_driver/environment/path.sh
-- Symlinking: /home/nguyen/ros2_ws/src/ros2_arctos_HCMUT/install/arctos_motor_driver/share/arctos_motor_driver/environment/path.dsv
-- Symlinking: /home/nguyen/ros2_ws/src/ros2_arctos_HCMUT/install/arctos_motor_driver/share/arctos_motor_driver/local_setup.bash
-- Symlinking: /home/nguyen/ros2_ws/src/ros2_arctos_HCMUT/install/arctos_motor_driver/share/arctos_motor_driver/local_setup.sh
-- Symlinking: /home/nguyen/ros2_ws/src/ros2_arctos_HCMUT/install/arctos_motor_driver/share/arctos_motor_driver/local_setup.zsh
-- Symlinking: /home/nguyen/ros2_ws/src/ros2_arctos_HCMUT/install/arctos_motor_driver/share/arctos_motor_driver/local_setup.dsv
-- Symlinking: /home/nguyen/ros2_ws/src/ros2_arctos_HCMUT/install/arctos_motor_driver/share/arctos_motor_driver/package.dsv
-- Symlinking: /home/nguyen/ros2_ws/src/ros2_arctos_HCMUT/install/arctos_motor_driver/share/ament_index/resource_index/packages/arctos_motor_driver
-- Symlinking: /home/nguyen/ros2_ws/src/ros2_arctos_HCMUT/install/arctos_motor_driver/share/arctos_motor_driver/cmake/ament_cmake_export_targets-extras.cmake
-- Symlinking: /home/nguyen/ros2_ws/src/ros2_arctos_HCMUT/install/arctos_motor_driver/share/arctos_motor_driver/cmake/ament_cmake_export_dependencies-extras.cmake
-- Symlinking: /home/nguyen/ros2_ws/src/ros2_arctos_HCMUT/install/arctos_motor_driver/share/arctos_motor_driver/cmake/arctos_motor_driverConfig.cmake
-- Symlinking: /home/nguyen/ros2_ws/src/ros2_arctos_HCMUT/install/arctos_motor_driver/share/arctos_motor_driver/cmake/arctos_motor_driverConfig-version.cmake
-- Symlinking: /home/nguyen/ros2_ws/src/ros2_arctos_HCMUT/install/arctos_motor_driver/share/arctos_motor_driver/package.xml
-- Installing: /home/nguyen/ros2_ws/src/ros2_arctos_HCMUT/install/arctos_motor_driver/lib/libcan_protocol.so
-- Set runtime path of "/home/nguyen/ros2_ws/src/ros2_arctos_HCMUT/install/arctos_motor_driver/lib/libcan_protocol.so" to ""
-- Installing: /home/nguyen/ros2_ws/src/ros2_arctos_HCMUT/install/arctos_motor_driver/lib/libuart_protocol.so
-- Set runtime path of "/home/nguyen/ros2_ws/src/ros2_arctos_HCMUT/install/arctos_motor_driver/lib/libuart_protocol.so" to ""
-- Installing: /home/nguyen/ros2_ws/src/ros2_arctos_HCMUT/install/arctos_motor_driver/lib/libarctos_motor_driver.so
-- Set runtime path of "/home/nguyen/ros2_ws/src/ros2_arctos_HCMUT/install/arctos_motor_driver/lib/libarctos_motor_driver.so" to ""
-- Installing: /home/nguyen/ros2_ws/src/ros2_arctos_HCMUT/install/arctos_motor_driver/share/arctos_motor_driver/cmake/export_arctos_motor_driverExport.cmake
-- Installing: /home/nguyen/ros2_ws/src/ros2_arctos_HCMUT/install/arctos_motor_driver/share/arctos_motor_driver/cmake/export_arctos_motor_driverExport-noconfig.cmake
